Archive member included to satisfy reference by file (symbol)

C:/ST/STM32CubeIDE_1.17.0/STM32CubeIDE/plugins/com.st.stm32cube.ide.mcu.externaltools.gnu-tools-for-stm32.12.3.rel1.win32_1.1.0.202410251130/tools/bin/../lib/gcc/arm-none-eabi/12.3.1/../../../../arm-none-eabi/lib/thumb/v7e-m+fp/hard\libc_nano.a(libc_a-exit.o)
                              C:/ST/STM32CubeIDE_1.17.0/STM32CubeIDE/plugins/com.st.stm32cube.ide.mcu.externaltools.gnu-tools-for-stm32.12.3.rel1.win32_1.1.0.202410251130/tools/bin/../lib/gcc/arm-none-eabi/12.3.1/../../../../arm-none-eabi/lib/thumb/v7e-m+fp/hard/crt0.o (exit)
C:/ST/STM32CubeIDE_1.17.0/STM32CubeIDE/plugins/com.st.stm32cube.ide.mcu.externaltools.gnu-tools-for-stm32.12.3.rel1.win32_1.1.0.202410251130/tools/bin/../lib/gcc/arm-none-eabi/12.3.1/../../../../arm-none-eabi/lib/thumb/v7e-m+fp/hard\libc_nano.a(libc_a-findfp.o)
                              C:/ST/STM32CubeIDE_1.17.0/STM32CubeIDE/plugins/com.st.stm32cube.ide.mcu.externaltools.gnu-tools-for-stm32.12.3.rel1.win32_1.1.0.202410251130/tools/bin/../lib/gcc/arm-none-eabi/12.3.1/../../../../arm-none-eabi/lib/thumb/v7e-m+fp/hard\libc_nano.a(libc_a-exit.o) (__stdio_exit_handler)
C:/ST/STM32CubeIDE_1.17.0/STM32CubeIDE/plugins/com.st.stm32cube.ide.mcu.externaltools.gnu-tools-for-stm32.12.3.rel1.win32_1.1.0.202410251130/tools/bin/../lib/gcc/arm-none-eabi/12.3.1/../../../../arm-none-eabi/lib/thumb/v7e-m+fp/hard\libc_nano.a(libc_a-fwalk.o)
                              C:/ST/STM32CubeIDE_1.17.0/STM32CubeIDE/plugins/com.st.stm32cube.ide.mcu.externaltools.gnu-tools-for-stm32.12.3.rel1.win32_1.1.0.202410251130/tools/bin/../lib/gcc/arm-none-eabi/12.3.1/../../../../arm-none-eabi/lib/thumb/v7e-m+fp/hard\libc_nano.a(libc_a-findfp.o) (_fwalk_sglue)
C:/ST/STM32CubeIDE_1.17.0/STM32CubeIDE/plugins/com.st.stm32cube.ide.mcu.externaltools.gnu-tools-for-stm32.12.3.rel1.win32_1.1.0.202410251130/tools/bin/../lib/gcc/arm-none-eabi/12.3.1/../../../../arm-none-eabi/lib/thumb/v7e-m+fp/hard\libc_nano.a(libc_a-puts.o)
                              ./Core/Src/MPU6500.o (puts)
C:/ST/STM32CubeIDE_1.17.0/STM32CubeIDE/plugins/com.st.stm32cube.ide.mcu.externaltools.gnu-tools-for-stm32.12.3.rel1.win32_1.1.0.202410251130/tools/bin/../lib/gcc/arm-none-eabi/12.3.1/../../../../arm-none-eabi/lib/thumb/v7e-m+fp/hard\libc_nano.a(libc_a-snprintf.o)
                              ./Core/Src/MPU6500.o (snprintf)
C:/ST/STM32CubeIDE_1.17.0/STM32CubeIDE/plugins/com.st.stm32cube.ide.mcu.externaltools.gnu-tools-for-stm32.12.3.rel1.win32_1.1.0.202410251130/tools/bin/../lib/gcc/arm-none-eabi/12.3.1/../../../../arm-none-eabi/lib/thumb/v7e-m+fp/hard\libc_nano.a(libc_a-stdio.o)
                              C:/ST/STM32CubeIDE_1.17.0/STM32CubeIDE/plugins/com.st.stm32cube.ide.mcu.externaltools.gnu-tools-for-stm32.12.3.rel1.win32_1.1.0.202410251130/tools/bin/../lib/gcc/arm-none-eabi/12.3.1/../../../../arm-none-eabi/lib/thumb/v7e-m+fp/hard\libc_nano.a(libc_a-findfp.o) (__sread)
C:/ST/STM32CubeIDE_1.17.0/STM32CubeIDE/plugins/com.st.stm32cube.ide.mcu.externaltools.gnu-tools-for-stm32.12.3.rel1.win32_1.1.0.202410251130/tools/bin/../lib/gcc/arm-none-eabi/12.3.1/../../../../arm-none-eabi/lib/thumb/v7e-m+fp/hard\libc_nano.a(libc_a-vsnprintf.o)
                              ./Core/Src/hc04.o (vsnprintf)
C:/ST/STM32CubeIDE_1.17.0/STM32CubeIDE/plugins/com.st.stm32cube.ide.mcu.externaltools.gnu-tools-for-stm32.12.3.rel1.win32_1.1.0.202410251130/tools/bin/../lib/gcc/arm-none-eabi/12.3.1/../../../../arm-none-eabi/lib/thumb/v7e-m+fp/hard\libc_nano.a(libc_a-wbuf.o)
                              C:/ST/STM32CubeIDE_1.17.0/STM32CubeIDE/plugins/com.st.stm32cube.ide.mcu.externaltools.gnu-tools-for-stm32.12.3.rel1.win32_1.1.0.202410251130/tools/bin/../lib/gcc/arm-none-eabi/12.3.1/../../../../arm-none-eabi/lib/thumb/v7e-m+fp/hard\libc_nano.a(libc_a-puts.o) (__swbuf_r)
C:/ST/STM32CubeIDE_1.17.0/STM32CubeIDE/plugins/com.st.stm32cube.ide.mcu.externaltools.gnu-tools-for-stm32.12.3.rel1.win32_1.1.0.202410251130/tools/bin/../lib/gcc/arm-none-eabi/12.3.1/../../../../arm-none-eabi/lib/thumb/v7e-m+fp/hard\libc_nano.a(libc_a-wsetup.o)
                              C:/ST/STM32CubeIDE_1.17.0/STM32CubeIDE/plugins/com.st.stm32cube.ide.mcu.externaltools.gnu-tools-for-stm32.12.3.rel1.win32_1.1.0.202410251130/tools/bin/../lib/gcc/arm-none-eabi/12.3.1/../../../../arm-none-eabi/lib/thumb/v7e-m+fp/hard\libc_nano.a(libc_a-puts.o) (__swsetup_r)
C:/ST/STM32CubeIDE_1.17.0/STM32CubeIDE/plugins/com.st.stm32cube.ide.mcu.externaltools.gnu-tools-for-stm32.12.3.rel1.win32_1.1.0.202410251130/tools/bin/../lib/gcc/arm-none-eabi/12.3.1/../../../../arm-none-eabi/lib/thumb/v7e-m+fp/hard\libc_nano.a(libc_a-memset.o)
                              C:/ST/STM32CubeIDE_1.17.0/STM32CubeIDE/plugins/com.st.stm32cube.ide.mcu.externaltools.gnu-tools-for-stm32.12.3.rel1.win32_1.1.0.202410251130/tools/bin/../lib/gcc/arm-none-eabi/12.3.1/../../../../arm-none-eabi/lib/thumb/v7e-m+fp/hard/crt0.o (memset)
[...]
Memory Configuration

Name             Origin             Length             Attributes
RAM              0x20000000         0x00020000         xrw
FLASH            0x08000000         0x00080000         xr
*default*        0x00000000         0xffffffff

Linker script and memory map

LOAD C:/ST/STM32CubeIDE_1.17.0/STM32CubeIDE/plugins/com.st.stm32cube.ide.mcu.externaltools.gnu-tools-for-stm32.12.3.rel1.win32_1.1.0.202410251130/tools/bin/../lib/gcc/arm-none-eabi/12.3.1/thumb/v7e-m+fp/hard/crti.o
LOAD C:/ST/STM32CubeIDE_1.17.0/STM32CubeIDE/plugins/com.st.stm32cube.ide.mcu.externaltools.gnu-tools-for-stm32.12.3.rel1.win32_1.1.0.202410251130/tools/bin/../lib/gcc/arm-none-eabi/12.3.1/thumb/v7e-m+fp/hard/crtbegin.o
LOAD C:/ST/STM32CubeIDE_1.17.0/STM32CubeIDE/plugins/com.st.stm32cube.ide.mcu.externaltools.gnu-tools-for-stm32.12.3.rel1.win32_1.1.0.202410251130/tools/bin/../lib/gcc/arm-none-eabi/12.3.1/../../../../arm-none-eabi/lib/thumb/v7e-m+fp/hard/crt0.o
LOAD ./Core/Src/MPU6500.o
LOAD ./Core/Src/astar.o
LOAD ./Core/Src/control_logic.o
LOAD ./Core/Src/dma.o
LOAD ./Core/Src/encoder.o
LOAD ./Core/Src/freertos.o
LOAD ./Core/Src/frontier.o
LOAD ./Core/Src/gpio.o
LOAD ./Core/Src/hc04.o
LOAD ./Core/Src/i2c.o
LOAD ./Core/Src/lidar.o
LOAD ./Core/Src/localization_task.o
LOAD ./Core/Src/main.o
LOAD ./Core/Src/mapping_task.o
LOAD ./Core/Src/motor.o
LOAD ./Core/Src/navigation_task.o
LOAD ./Core/Src/occupancy_grid.o
LOAD ./Core/Src/pid.o
LOAD ./Core/Src/scan_preprocess.o
LOAD ./Core/Src/spi.o
LOAD ./Core/Src/stm32f4xx_hal_msp.o
LOAD ./Core/Src/stm32f4xx_hal_timebase_tim.o
LOAD ./Core/Src/stm32f4xx_it.o
LOAD ./Core/Src/syscalls.o
LOAD ./Core/Src/sysmem.o
LOAD ./Core/Src/system_stm32f4xx.o
LOAD ./Core/Src/tim.o
LOAD ./Core/Src/usart.o
LOAD ./Core/Startup/startup_stm32f446retx.o
LOAD ./Drivers/STM32F4xx_HAL_Driver/Src/stm32f4xx_hal.o
LOAD ./Drivers/STM32F4xx_HAL_Driver/Src/stm32f4xx_hal_cortex.o
LOAD ./Drivers/STM32F4xx_HAL_Driver/Src/stm32f4xx_hal_dma.o
LOAD ./Drivers/STM32F4xx_HAL_Driver/Src/stm32f4xx_hal_dma_ex.o
LOAD ./Drivers/STM32F4xx_HAL_Driver/Src/stm32f4xx_hal_exti.o
LOAD ./Drivers/STM32F4xx_HAL_Driver/Src/stm32f4xx_hal_flash.o
LOAD ./Drivers/STM32F4xx_HAL_Driver/Src/stm32f4xx_hal_flash_ex.o
LOAD ./Drivers/STM32F4xx_HAL_Driver/Src/stm32f4xx_hal_flash_ramfunc.o
LOAD ./Drivers/STM32F4xx_HAL_Driver/Src/stm32f4xx_hal_gpio.o
LOAD ./Drivers/STM32F4xx_HAL_Driver/Src/stm32f4xx_hal_i2c.o
LOAD ./Drivers/STM32F4xx_HAL_Driver/Src/stm32f4xx_hal_i2c_ex.o
LOAD ./Drivers/STM32F4xx_HAL_Driver/Src/stm32f4xx_hal_pwr.o
LOAD ./Drivers/STM32F4xx_HAL_Driver/Src/stm32f4xx_hal_pwr_ex.o
LOAD ./Drivers/STM32F4xx_HAL_Driver/Src/stm32f4xx_hal_rcc.o
LOAD ./Drivers/STM32F4xx_HAL_Driver/Src/stm32f4xx_hal_rcc_ex.o
LOAD ./Drivers/STM32F4xx_HAL_Driver/Src/stm32f4xx_hal_spi.o
LOAD ./Drivers/STM32F4xx_HAL_Driver/Src/stm32f4xx_hal_tim.o
LOAD ./Drivers/STM32F4xx_HAL_Driver/Src/stm32f4xx_hal_tim_ex.o
LOAD ./Drivers/STM32F4xx_HAL_Driver/Src/stm32f4xx_hal_uart.o
LOAD ./Middlewares/Third_Party/FreeRTOS/Source/CMSIS_RTOS_V2/cmsis_os2.o
LOAD ./Middlewares/Third_Party/FreeRTOS/Source/croutine.o
LOAD ./Middlewares/Third_Party/FreeRTOS/Source/event_groups.o
LOAD ./Middlewares/Third_Party/FreeRTOS/Source/list.o
LOAD ./Middlewares/Third_Party/FreeRTOS/Source/queue.o
LOAD ./Middlewares/Third_Party/FreeRTOS/Source/stream_buffer.o
LOAD ./Middlewares/Third_Party/FreeRTOS/Source/tasks.o
LOAD ./Middlewares/Third_Party/FreeRTOS/Source/timers.o
LOAD ./Middlewares/Third_Party/FreeRTOS/Source/portable/GCC/ARM_CM4F/port.o
LOAD ./Middlewares/Third_Party/FreeRTOS/Source/portable/MemMang/heap_4.o
START GROUP
LOAD C:/ST/STM32CubeIDE_1.17.0/STM32CubeIDE/plugins/com.st.stm32cube.ide.mcu.externaltools.gnu-tools-for-stm32.12.3.rel1.win32_1.1.0.202410251130/tools/bin/../lib/gcc/arm-none-eabi/12.3.1/../../../../arm-none-eabi/lib/thumb/v7e-m+fp/hard\libc_nano.a
LOAD C:/ST/STM32CubeIDE_1.17.0/STM32CubeIDE/plugins/com.st.stm32cube.ide.mcu.externaltools.gnu-tools-for-stm32.12.3.rel1.win32_1.1.0.202410251130/tools/bin/../lib/gcc/arm-none-eabi/12.3.1/../../../../arm-none-eabi/lib/thumb/v7e-m+fp/hard\libm.a
END GROUP
START GROUP
LOAD C:/ST/STM32CubeIDE_1.17.0/STM32CubeIDE/plugins/com.st.stm32cube.ide.mcu.externaltools.gnu-tools-for-stm32.12.3.rel1.win32_1.1.0.202410251130/tools/bin/../lib/gcc/arm-none-eabi/12.3.1/thumb/v7e-m+fp/hard\libgcc.a
LOAD C:/ST/STM32CubeIDE_1.17.0/STM32CubeIDE/plugins/com.st.stm32cube.ide.mcu.externaltools.gnu-tools-for-stm32.12.3.rel1.win32_1.1.0.202410251130/tools/bin/../lib/gcc/arm-none-eabi/12.3.1/../../../../arm-none-eabi/lib/thumb/v7e-m+fp/hard\libc_nano.a
END GROUP
START GROUP
LOAD C:/ST/STM32CubeIDE_1.17.0/STM32CubeIDE/plugins/com.st.stm32cube.ide.mcu.externaltools.gnu-tools-for-stm32.12.3.rel1.win32_1.1.0.202410251130/tools/bin/../lib/gcc/arm-none-eabi/12.3.1/thumb/v7e-m+fp/hard\libgcc.a
LOAD C:/ST/STM32CubeIDE_1.17.0/STM32CubeIDE/plugins/com.st.stm32cube.ide.mcu.externaltools.gnu-tools-for-stm32.12.3.rel1.win32_1.1.0.202410251130/tools/bin/../lib/gcc/arm-none-eabi/12.3.1/../../../../arm-none-eabi/lib/thumb/v7e-m+fp/hard\libc_nano.a
LOAD C:/ST/STM32CubeIDE_1.17.0/STM32CubeIDE/plugins/com.st.stm32cube.ide.mcu.externaltools.gnu-tools-for-stm32.12.3.rel1.win32_1.1.0.202410251130/tools/bin/../lib/gcc/arm-none-eabi/12.3.1/../../../../arm-none-eabi/lib/thumb/v7e-m+fp/hard\libnosys.a
END GROUP
START GROUP
LOAD C:/ST/STM32CubeIDE_1.17.0/STM32CubeIDE/plugins/com.st.stm32cube.ide.mcu.externaltools.gnu-tools-for-stm32.12.3.rel1.win32_1.1.0.202410251130/tools/bin/../lib/gcc/arm-none-eabi/12.3.1/thumb/v7e-m+fp/hard\libgcc.a
LOAD C:/ST/STM32CubeIDE_1.17.0/STM32CubeIDE/plugins/com.st.stm32cube.ide.mcu.externaltools.gnu-tools-for-stm32.12.3.rel1.win32_1.1.0.202410251130/tools/bin/../lib/gcc/arm-none-eabi/12.3.1/../../../../arm-none-eabi/lib/thumb/v7e-m+fp/hard\libc_nano.a
LOAD C:/ST/STM32CubeIDE_1.17.0/STM32CubeIDE/plugins/com.st.stm32cube.ide.mcu.externaltools.gnu-tools-for-stm32.12.3.rel1.win32_1.1.0.202410251130/tools/bin/../lib/gcc/arm-none-eabi/12.3.1/../../../../arm-none-eabi/lib/thumb/v7e-m+fp/hard\libnosys.a
END GROUP
LOAD C:/ST/STM32CubeIDE_1.17.0/STM32CubeIDE/plugins/com.st.stm32cube.ide.mcu.externaltools.gnu-tools-for-stm32.12.3.rel1.win32_1.1.0.202410251130/tools/bin/../lib/gcc/arm-none-eabi/12.3.1/thumb/v7e-m+fp/hard/crtend.o
LOAD C:/ST/STM32CubeIDE_1.17.0/STM32CubeIDE/plugins/com.st.stm32cube.ide.mcu.externaltools.gnu-tools-for-stm32.12.3.rel1.win32_1.1.0.202410251130/tools/bin/../lib/gcc/arm-none-eabi/12.3.1/thumb/v7e-m+fp/hard/crtn.o
                0x20020000                        _estack = (ORIGIN (RAM) + LENGTH (RAM))
                0x00000200                        _Min_Heap_Size = 0x200
                0x00000400                        _Min_Stack_Size = 0x400

.isr_vector     0x08000000      0x1c4
                0x08000000                        . = ALIGN (0x4)
 *(.isr_vector)
 .isr_vector    0x08000000      0x1c4 ./Core/Startup/startup_stm32f446retx.o
                0x08000000                g_pfnVectors
                0x080001c4                        . = ALIGN (0x4)

.text           0x080001d0    0x12634
                0x080001d0                        . = ALIGN (0x4)
 *(.text)
 .text          0x080001d0       0x40 C:/ST/STM32CubeIDE_1.17.0/STM32CubeIDE/plugins/com.st.stm32cube.ide.mcu.externaltools.gnu-tools-for-stm32.12.3.rel1.win32_1.1.0.202410251130/tools/bin/../lib/gcc/arm-none-eabi/12.3.1/thumb/v7e-m+fp/hard/crtbegin.o
 .text          0x08000210       0xa0 C:/ST/STM32CubeIDE_1.17.0/STM32CubeIDE/plugins/com.st.stm32cube.ide.mcu.externaltools.gnu-tools-for-stm32.12.3.rel1.win32_1.1.0.202410251130/tools/bin/../lib/gcc/arm-none-eabi/12.3.1/../../../../arm-none-eabi/lib/thumb/v7e-m+fp/hard\libc_nano.a(libc_a-memchr.o)
                0x08000210                memchr
 .text          0x080002b0      0x378 C:/ST/STM32CubeIDE_1.17.0/STM32CubeIDE/plugins/com.st.stm32cube.ide.mcu.externaltools.gnu-tools-for-stm32.12.3.rel1.win32_1.1.0.202410251130/tools/bin/../lib/gcc/arm-none-eabi/12.3.1/thumb/v7e-m+fp/hard\libgcc.a(_arm_addsubdf3.o)
                0x080002b0                __aeabi_drsub
                0x080002b8                __aeabi_dsub
                0x080002b8                __subdf3
                0x080002bc                __aeabi_dadd
                0x080002bc                __adddf3
                0x08000534                __floatunsidf
                0x08000534                __aeabi_ui2d
                0x08000554                __floatsidf
                0x08000554                __aeabi_i2d
                0x08000578                __aeabi_f2d
                0x08000578                __extendsfdf2
                0x080005bc                __floatundidf
                0x080005bc                __aeabi_ul2d
                0x080005cc                __floatdidf
                0x080005cc                __aeabi_l2d
 .text          0x08000628       0x30 C:/ST/STM32CubeIDE_1.17.0/STM32CubeIDE/plugins/com.st.stm32cube.ide.mcu.externaltools.gnu-tools-for-stm32.12.3.rel1.win32_1.1.0.202410251130/tools/bin/../lib/gcc/arm-none-eabi/12.3.1/thumb/v7e-m+fp/hard\libgcc.a(_aeabi_uldivmod.o)
                0x08000628                __aeabi_uldivmod
 .text          0x08000658      0x2bc C:/ST/STM32CubeIDE_1.17.0/STM32CubeIDE/plugins/com.st.stm32cube.ide.mcu.externaltools.gnu-tools-for-stm32.12.3.rel1.win32_1.1.0.202410251130/tools/bin/../lib/gcc/arm-none-eabi/12.3.1/thumb/v7e-m+fp/hard\libgcc.a(_udivmoddi4.o)
                0x08000658                __udivmoddi4
 .text          0x08000914        0x4 C:/ST/STM32CubeIDE_1.17.0/STM32CubeIDE/plugins/com.st.stm32cube.ide.mcu.externaltools.gnu-tools-for-stm32.12.3.rel1.win32_1.1.0.202410251130/tools/bin/../lib/gcc/arm-none-eabi/12.3.1/thumb/v7e-m+fp/hard\libgcc.a(_dvmd_tls.o)
                0x08000914                __aeabi_idiv0
                0x08000914                __aeabi_ldiv0
 *(.text*)
 .text.MPU6500_Calibrate
                0x08000918      0x118 ./Core/Src/MPU6500.o
                0x08000918                MPU6500_Calibrate
 .text.MPU_Read_Byte
                0x08000a30       0x60 ./Core/Src/MPU6500.o
                0x08000a30                MPU_Read_Byte
 .text.MPU_update
                0x08000a90       0x1c ./Core/Src/MPU6500.o
                0x08000a90                MPU_update
 .text.MPU_Write_Byte
                0x08000aac       0x54 ./Core/Src/MPU6500.o
                0x08000aac                MPU_Write_Byte
 .text.MPU6500_Init
                0x08000b00       0x6a ./Core/Src/MPU6500.o
                0x08000b00                MPU6500_Init
 *fill*         0x08000b6a        0x2 
 .text.MPU6500_Read_Accel
                0x08000b6c       0xcc ./Core/Src/MPU6500.o
                0x08000b6c                MPU6500_Read_Accel
 .text.MPU6500_Read_Gyro
                0x08000c38      0x1a0 ./Core/Src/MPU6500.o
                0x08000c38                MPU6500_Read_Gyro
 .text.astar_find_or_create
                0x08000dd8       0xc4 ./Core/Src/astar.o
 .text.astar_pop_best_open
                0x08000e9c       0x80 ./Core/Src/astar.o
 .text.AStar_Plan
                0x08000f1c      0x524 ./Core/Src/astar.o
                0x08000f1c                AStar_Plan
 .text.ControlLogic_WrapAngleDeg
                0x08001440       0x74 ./Core/Src/control_logic.o
                0x08001440                ControlLogic_WrapAngleDeg
 .text.control_logic_has_manual_turn_intent
                0x080014b4       0x70 ./Core/Src/control_logic.o
 .text.control_logic_wheels_show_in_place_turn
                0x08001524       0xb0 ./Core/Src/control_logic.o
 .text.ControlLogic_ShouldPauseMappingForTurn
                0x080015d4       0x5c ./Core/Src/control_logic.o
                0x080015d4                ControlLogic_ShouldPauseMappingForTurn
 .text.MX_DMA_Init
                0x08001630       0x7c ./Core/Src/dma.o
                0x08001630                MX_DMA_Init
 .text.encoder_apply_odometry_scale
                0x080016ac       0x48 ./Core/Src/encoder.o
 .text.encoder_reject_single_sample_sign_spike
                0x080016f4       0x94 ./Core/Src/encoder.o
 .text.encoder_init
                0x08001788       0x48 ./Core/Src/encoder.o
                0x08001788                encoder_init
 .text.encoder_update_speed
                0x080017d0      0x278 ./Core/Src/encoder.o
                0x080017d0                encoder_update_speed
 .text.Odometry_Update
                0x08001a48      0x1ac ./Core/Src/encoder.o
                0x08001a48                Odometry_Update
 .text.Odometry_GetPoseSnapshot
                0x08001bf4       0x48 ./Core/Src/encoder.o
                0x08001bf4                Odometry_GetPoseSnapshot
 .text.Encoder_GetTravelSnapshot
                0x08001c3c       0x70 ./Core/Src/encoder.o
                0x08001c3c                Encoder_GetTravelSnapshot
 .text.MX_FREERTOS_Init
                0x08001cac      0x214 ./Core/Src/freertos.o
                0x08001cac                MX_FREERTOS_Init
 .text.StartDefaultTask
                0x08001ec0       0x1c ./Core/Src/freertos.o
                0x08001ec0                StartDefaultTask
 .text.Freertos_NotifyControlTickFromISR
                0x08001edc       0x44 ./Core/Src/freertos.o
                0x08001edc                Freertos_NotifyControlTickFromISR
 .text.Freertos_SubmitLidarBlockFromISR
                0x08001f20       0x94 ./Core/Src/freertos.o
                0x08001f20                Freertos_SubmitLidarBlockFromISR
 .text.Freertos_ResetLidarPipeline
                0x08001fb4       0xc0 ./Core/Src/freertos.o
                0x08001fb4                Freertos_ResetLidarPipeline
 .text.StartControlTask
                0x08002074      0x138 ./Core/Src/freertos.o
                0x08002074                StartControlTask
 .text.StartLiDARParseTask
                0x080021ac      0x2b8 ./Core/Src/freertos.o
                0x080021ac                StartLiDARParseTask
 .text.StartSafetyTask
                0x08002464       0xc8 ./Core/Src/freertos.o
                0x08002464                StartSafetyTask
 .text.StartTelemetryTask
                0x0800252c       0x12 ./Core/Src/freertos.o
                0x0800252c                StartTelemetryTask
 *fill*         0x0800253e        0x2 
 .text.Frontier_FindNearest
                0x08002540      0x170 ./Core/Src/frontier.o
                0x08002540                Frontier_FindNearest
 .text.MX_GPIO_Init
                0x080026b0      0x13c ./Core/Src/gpio.o
                0x080026b0                MX_GPIO_Init
 .text.transmit_buffer
                0x080027ec       0x44 ./Core/Src/hc04.o
 .text.uart_printf
                0x08002830       0x50 ./Core/Src/hc04.o
                0x08002830                uart_printf
 .text.MX_I2C1_Init
                0x08002880       0x5c ./Core/Src/i2c.o
                0x08002880                MX_I2C1_Init
 .text.HAL_I2C_MspInit
                0x080028dc       0x90 ./Core/Src/i2c.o
                0x080028dc                HAL_I2C_MspInit
 .text.set_lidar_rx_irq_state
                0x0800296c       0x2c ./Core/Src/lidar.o
 .text.clear_lidar_uart_flags
                0x08002998       0x84 ./Core/Src/lidar.o
 .text.LIDAR_GetDmaBlockLag
                0x08002a1c       0x34 ./Core/Src/lidar.o
                0x08002a1c                LIDAR_GetDmaBlockLag
 .text.LIDAR_IsDmaBlockStale
                0x08002a50       0x26 ./Core/Src/lidar.o
                0x08002a50                LIDAR_IsDmaBlockStale
 *fill*         0x08002a76        0x2 
 .text.parse_packet_into_scan
                0x08002a78      0x11c ./Core/Src/lidar.o
 .text.report_lidar_status
                0x08002b94       0x50 ./Core/Src/lidar.o
 .text.queue_dma_half_from_isr
                0x08002be4       0x30 ./Core/Src/lidar.o
 .text.start_lidar_dma_rx
                0x08002c14       0x70 ./Core/Src/lidar.o
 .text.LIDAR_ResetScanState
                0x08002c84       0x28 ./Core/Src/lidar.o
                0x08002c84                LIDAR_ResetScanState
 .text.LIDAR_ResetParserState
                0x08002cac       0x38 ./Core/Src/lidar.o
                0x08002cac                LIDAR_ResetParserState
 .text.RPLIDAR_Init
                0x08002ce4       0x12 ./Core/Src/lidar.o
                0x08002ce4                RPLIDAR_Init
 *fill*         0x08002cf6        0x2 
 .text.RPLIDAR_RequestScan
                0x08002cf8       0x3c ./Core/Src/lidar.o
                0x08002cf8                RPLIDAR_RequestScan
 .text.RPLIDAR_StartRaw
                0x08002d34       0x48 ./Core/Src/lidar.o
                0x08002d34                RPLIDAR_StartRaw
 .text.LIDAR_ConsumeByte
                0x08002d7c       0xcc ./Core/Src/lidar.o
                0x08002d7c                LIDAR_ConsumeByte
 .text.LIDAR_ConsumePendingPacket
                0x08002e48       0x38 ./Core/Src/lidar.o
                0x08002e48                LIDAR_ConsumePendingPacket
 .text.LIDAR_GetDmaRxBuffer
                0x08002e80       0x14 ./Core/Src/lidar.o
                0x08002e80                LIDAR_GetDmaRxBuffer
 .text.HAL_UART_TxCpltCallback
                0x08002e94       0x2c ./Core/Src/lidar.o
                0x08002e94                HAL_UART_TxCpltCallback
 .text.HAL_UART_RxHalfCpltCallback
                0x08002ec0       0x24 ./Core/Src/lidar.o
                0x08002ec0                HAL_UART_RxHalfCpltCallback
 .text.HAL_UART_RxCpltCallback
                0x08002ee4       0x28 ./Core/Src/lidar.o
                0x08002ee4                HAL_UART_RxCpltCallback
 .text.HAL_UART_ErrorCallback
                0x08002f0c       0x24 ./Core/Src/lidar.o
                0x08002f0c                HAL_UART_ErrorCallback
 .text.localization_wrap_angle_deg
                0x08002f30       0x74 ./Core/Src/localization_task.o
 .text.localization_clamp_float
                0x08002fa4       0x52 ./Core/Src/localization_task.o
 *fill*         0x08002ff6        0x2 
 .text.localization_lock
                0x08002ff8       0x24 ./Core/Src/localization_task.o
 .text.localization_unlock
                0x0800301c       0x20 ./Core/Src/localization_task.o
 .text.localization_transform_point
                0x0800303c       0x82 ./Core/Src/localization_task.o
 *fill*         0x080030be        0x2 
 .text.localization_apply_transform
                0x080030c0       0x9c ./Core/Src/localization_task.o
 .text.localization_apply_pose_delta
                0x0800315c       0xd4 ./Core/Src/localization_task.o
 .text.localization_rotate_vector
                0x08003230       0x9c ./Core/Src/localization_task.o
 .text.localization_apply_control_correction
                0x080032cc      0x148 ./Core/Src/localization_task.o
 .text.localization_control_fusion_enabled
                0x08003414       0xa8 ./Core/Src/localization_task.o
 .text.localization_recovery_match_is_trusted
                0x080034bc       0xb0 ./Core/Src/localization_task.o
 .text.localization_build_world_points
                0x0800356c      0x1d8 ./Core/Src/localization_task.o
 .text.localization_find_correspondences
                0x08003744      0x168 ./Core/Src/localization_task.o
 .text.localization_compute_delta
                0x080038ac      0x28c ./Core/Src/localization_task.o
 .text.localization_run_icp
                0x08003b38      0x41c ./Core/Src/localization_task.o
 .text.localization_store_reference
                0x08003f54       0x64 ./Core/Src/localization_task.o
 .text.localization_update_mapping_gate
                0x08003fb8      0x27c ./Core/Src/localization_task.o
 .text.LocalizationTask_UpdatePredictedPose
                0x08004234      0x1e8 ./Core/Src/localization_task.o
                0x08004234                LocalizationTask_UpdatePredictedPose
 .text.LocalizationTask_GetEstimatedPoseSnapshot
                0x0800441c       0x4c ./Core/Src/localization_task.o
                0x0800441c                LocalizationTask_GetEstimatedPoseSnapshot
 .text.localization_update_stats
                0x08004468      0x128 ./Core/Src/localization_task.o
 .text.StartLocalizationTask
                0x08004590      0x21c ./Core/Src/localization_task.o
                0x08004590                StartLocalizationTask
 .text.LocalizationTask_Reset
                0x080047ac       0xa4 ./Core/Src/localization_task.o
                0x080047ac                LocalizationTask_Reset
 .text.system_init
                0x08004850       0x28 ./Core/Src/main.o
                0x08004850                system_init
 .text.PID_system_init
                0x08004878       0xa8 ./Core/Src/main.o
                0x08004878                PID_system_init
 .text.main     0x08004920       0x4c ./Core/Src/main.o
                0x08004920                main
 .text.SystemClock_Config
                0x0800496c       0xdc ./Core/Src/main.o
                0x0800496c                SystemClock_Config
 .text.HAL_TIM_PeriodElapsedCallback
                0x08004a48       0x34 ./Core/Src/main.o
                0x08004a48                HAL_TIM_PeriodElapsedCallback
 .text.Error_Handler
                0x08004a7c        0xc ./Core/Src/main.o
                0x08004a7c                Error_Handler
 .text.mapping_task_ensure_grid_initialized
                0x08004a88       0x54 ./Core/Src/mapping_task.o
 .text.mapping_task_lock_grid
                0x08004adc       0x24 ./Core/Src/mapping_task.o
 .text.mapping_task_unlock_grid
                0x08004b00       0x20 ./Core/Src/mapping_task.o
 .text.mapping_task_update_stats
                0x08004b20      0x118 ./Core/Src/mapping_task.o
 .text.mapping_task_update_grid_from_scan
                0x08004c38      0x1f0 ./Core/Src/mapping_task.o
 .text.StartMappingTask
                0x08004e28       0x88 ./Core/Src/mapping_task.o
                0x08004e28                StartMappingTask
 .text.MappingTask_ResetGrid
                0x08004eb0       0x3c ./Core/Src/mapping_task.o
                0x08004eb0                MappingTask_ResetGrid
 .text.MappingTask_GetGrid
                0x08004eec       0x14 ./Core/Src/mapping_task.o
                0x08004eec                MappingTask_GetGrid
 .text.Motor_Init
                0x08004f00       0x30 ./Core/Src/motor.o
                0x08004f00                Motor_Init
 .text.Motor_Control
                0x08004f30       0xd0 ./Core/Src/motor.o
                0x08004f30                Motor_Control
 .text.Motor_Stop
                0x08005000       0x1e ./Core/Src/motor.o
                0x08005000                Motor_Stop
 .text.Motor_StopAll
                0x0800501e       0x14 ./Core/Src/motor.o
                0x0800501e                Motor_StopAll
 *fill*         0x08005032        0x2 
 .text.Navigation_UpdateControl
                0x08005034       0xfc ./Core/Src/navigation_task.o
                0x08005034                Navigation_UpdateControl
 .text.StartNavigationTask
                0x08005130       0xb0 ./Core/Src/navigation_task.o
                0x08005130                StartNavigationTask
 .text.occupancy_grid_linear_index
                0x080051e0       0x28 ./Core/Src/occupancy_grid.o
 .text.clamp_log_odds
                0x08005208       0x36 ./Core/Src/occupancy_grid.o
 .text.OccupancyGrid_Init
                0x0800523e       0x86 ./Core/Src/occupancy_grid.o
                0x0800523e                OccupancyGrid_Init
 .text.OccupancyGrid_Reset
                0x080052c4       0x3e ./Core/Src/occupancy_grid.o
                0x080052c4                OccupancyGrid_Reset
 .text.OccupancyGrid_IsInside
                0x08005302       0x58 ./Core/Src/occupancy_grid.o
                0x08005302                OccupancyGrid_IsInside
 .text.OccupancyGrid_WorldToCell
                0x0800535a       0x9c ./Core/Src/occupancy_grid.o
                0x0800535a                OccupancyGrid_WorldToCell
 .text.OccupancyGrid_UpdateCell
                0x080053f6       0x6a ./Core/Src/occupancy_grid.o
                0x080053f6                OccupancyGrid_UpdateCell
 .text.OccupancyGrid_GetCell
                0x08005460       0x4a ./Core/Src/occupancy_grid.o
                0x08005460                OccupancyGrid_GetCell
 .text.OccupancyGrid_MarkFree
                0x080054aa       0x22 ./Core/Src/occupancy_grid.o
                0x080054aa                OccupancyGrid_MarkFree
 .text.OccupancyGrid_MarkOccupied
                0x080054cc       0x20 ./Core/Src/occupancy_grid.o
                0x080054cc                OccupancyGrid_MarkOccupied
 .text.OccupancyGrid_TraceRay
                0x080054ec      0x118 ./Core/Src/occupancy_grid.o
                0x080054ec                OccupancyGrid_TraceRay
 .text.OccupancyGrid_IsOccupied
                0x08005604       0x3a ./Core/Src/occupancy_grid.o
                0x08005604                OccupancyGrid_IsOccupied
 .text.OccupancyGrid_IsFree
                0x0800563e       0x3c ./Core/Src/occupancy_grid.o
                0x0800563e                OccupancyGrid_IsFree
 .text.OccupancyGrid_IsUnknown
                0x0800567a       0x44 ./Core/Src/occupancy_grid.o
                0x0800567a                OccupancyGrid_IsUnknown
 *fill*         0x080056be        0x2 
 .text.OccupancyGrid_IsFrontier
                0x080056c0       0x70 ./Core/Src/occupancy_grid.o
                0x080056c0                OccupancyGrid_IsFrontier
 .text.OccupancyGrid_CellToWorld
                0x08005730       0x8e ./Core/Src/occupancy_grid.o
                0x08005730                OccupancyGrid_CellToWorld
 *fill*         0x080057be        0x2 
 .text.pid_normalize_angle_deg
                0x080057c0       0x74 ./Core/Src/pid.o
 .text.pid_store_loop_debug
                0x08005834       0xd0 ./Core/Src/pid.o
 .text.pid_calculate_from_error
                0x08005904      0x190 ./Core/Src/pid.o
 .text.pid_clamp_float
                0x08005a94       0x52 ./Core/Src/pid.o
 .text.pid_apply_magnitude_limit
                0x08005ae6       0x6c ./Core/Src/pid.o
 *fill*         0x08005b52        0x2 
 .text.pid_terminal_speed_limit_from_distance
                0x08005b54       0x8c ./Core/Src/pid.o
 .text.pid_set_drive_axis_from_heading_deg
                0x08005be0       0x60 ./Core/Src/pid.o
 .text.pid_clear_position_limit_debug
                0x08005c40       0x3c ./Core/Src/pid.o
 .text.pid_fill_control_snapshot
                0x08005c7c       0x7c ./Core/Src/pid.o
 .text.pid_capture_last_move_control_snapshot
                0x08005cf8       0x20 ./Core/Src/pid.o
 .text.pid_capture_last_turn_control_snapshot
                0x08005d18       0x24 ./Core/Src/pid.o
 .text.pid_get_odometry_pose_snapshot
                0x08005d3c       0x54 ./Core/Src/pid.o
 .text.lock_control_and_pid
                0x08005d90       0x3c ./Core/Src/pid.o
 .text.unlock_pid_and_control
                0x08005dcc       0x34 ./Core/Src/pid.o
 .text.lock_odom_control_and_pid
                0x08005e00       0x28 ./Core/Src/pid.o
 .text.unlock_pid_control_and_odom
                0x08005e28       0x24 ./Core/Src/pid.o
 .text.PID_Init
                0x08005e4c       0xa0 ./Core/Src/pid.o
                0x08005e4c                PID_Init
 .text.PID_Calculate
                0x08005eec      0x1ac ./Core/Src/pid.o
                0x08005eec                PID_Calculate
 .text.Speed_Control_Loop
                0x08006098      0x1b0 ./Core/Src/pid.o
                0x08006098                Speed_Control_Loop
 .text.Angle_Speed_Cascade_Control
                0x08006248      0x234 ./Core/Src/pid.o
                0x08006248                Angle_Speed_Cascade_Control
 .text.Control_UpdateWheelSpeedTest
                0x0800647c       0x98 ./Core/Src/pid.o
                0x0800647c                Control_UpdateWheelSpeedTest
 .text.Control_SetManualCommand
                0x08006514       0xb0 ./Core/Src/pid.o
                0x08006514                Control_SetManualCommand
 .text.Control_StopCommand
                0x080065c4      0x134 ./Core/Src/pid.o
                0x080065c4                Control_StopCommand
 .text.Update_Relative_Move_PID
                0x080066f8      0x4a8 ./Core/Src/pid.o
                0x080066f8                Update_Relative_Move_PID
 .text.ScanPreprocess_IsPointUsable
                0x08006ba0       0x64 ./Core/Src/scan_preprocess.o
                0x08006ba0                ScanPreprocess_IsPointUsable
 .text.ScanPreprocess_Analyze
                0x08006c04      0x158 ./Core/Src/scan_preprocess.o
                0x08006c04                ScanPreprocess_Analyze
 .text.ScanPreprocess_BeamWorldAngleDeg
                0x08006d5c       0x40 ./Core/Src/scan_preprocess.o
                0x08006d5c                ScanPreprocess_BeamWorldAngleDeg
 .text.MX_SPI2_Init
                0x08006d9c       0x6c ./Core/Src/spi.o
                0x08006d9c                MX_SPI2_Init
 .text.HAL_SPI_MspInit
                0x08006e08       0x90 ./Core/Src/spi.o
                0x08006e08                HAL_SPI_MspInit
 .text.HAL_MspInit
                0x08006e98       0x58 ./Core/Src/stm32f4xx_hal_msp.o
                0x08006e98                HAL_MspInit
 .text.HAL_InitTick
                0x08006ef0       0xf8 ./Core/Src/stm32f4xx_hal_timebase_tim.o
                0x08006ef0                HAL_InitTick
 .text.NMI_Handler
                0x08006fe8        0x8 ./Core/Src/stm32f4xx_it.o
                0x08006fe8                NMI_Handler
 .text.HardFault_Handler
                0x08006ff0        0x8 ./Core/Src/stm32f4xx_it.o
                0x08006ff0                HardFault_Handler
 .text.MemManage_Handler
                0x08006ff8        0x8 ./Core/Src/stm32f4xx_it.o
                0x08006ff8                MemManage_Handler
 .text.BusFault_Handler
                0x08007000        0x8 ./Core/Src/stm32f4xx_it.o
                0x08007000                BusFault_Handler
 .text.UsageFault_Handler
                0x08007008        0x8 ./Core/Src/stm32f4xx_it.o
                0x08007008                UsageFault_Handler
 .text.DebugMon_Handler
                0x08007010        0xe ./Core/Src/stm32f4xx_it.o
                0x08007010                DebugMon_Handler
 *fill*         0x0800701e        0x2 
 .text.DMA1_Stream0_IRQHandler
                0x08007020       0x14 ./Core/Src/stm32f4xx_it.o
                0x08007020                DMA1_Stream0_IRQHandler
 .text.TIM4_IRQHandler
                0x08007034       0x14 ./Core/Src/stm32f4xx_it.o
                0x08007034                TIM4_IRQHandler
 .text.DMA1_Stream7_IRQHandler
                0x08007048       0x14 ./Core/Src/stm32f4xx_it.o
                0x08007048                DMA1_Stream7_IRQHandler
 .text.TIM5_IRQHandler
                0x0800705c       0x14 ./Core/Src/stm32f4xx_it.o
                0x0800705c                TIM5_IRQHandler
 .text.UART5_IRQHandler
                0x08007070       0x14 ./Core/Src/stm32f4xx_it.o
                0x08007070                UART5_IRQHandler
 .text.DMA2_Stream1_IRQHandler
                0x08007084       0x14 ./Core/Src/stm32f4xx_it.o
                0x08007084                DMA2_Stream1_IRQHandler
 .text.USART6_IRQHandler
                0x08007098       0x14 ./Core/Src/stm32f4xx_it.o
                0x08007098                USART6_IRQHandler
 .text._read    0x080070ac       0x3a ./Core/Src/syscalls.o
                0x080070ac                _read
 .text._write   0x080070e6       0x38 ./Core/Src/syscalls.o
                0x080070e6                _write
 .text._close   0x0800711e       0x18 ./Core/Src/syscalls.o
                0x0800711e                _close
 .text._fstat   0x08007136       0x20 ./Core/Src/syscalls.o
                0x08007136                _fstat
 .text._isatty  0x08007156       0x16 ./Core/Src/syscalls.o
                0x08007156                _isatty
 .text._lseek   0x0800716c       0x1a ./Core/Src/syscalls.o
                0x0800716c                _lseek
 *fill*         0x08007186        0x2 
 .text._sbrk    0x08007188       0x6c ./Core/Src/sysmem.o
                0x08007188                _sbrk
 .text.SystemInit
                0x080071f4       0x24 ./Core/Src/system_stm32f4xx.o
                0x080071f4                SystemInit
 .text.MX_TIM1_Init
                0x08007218       0xb0 ./Core/Src/tim.o
                0x08007218                MX_TIM1_Init
 .text.MX_TIM2_Init
                0x080072c8       0xa8 ./Core/Src/tim.o
                0x080072c8                MX_TIM2_Init
 .text.MX_TIM3_Init
                0x08007370      0x130 ./Core/Src/tim.o
                0x08007370                MX_TIM3_Init
 .text.MX_TIM4_Init
                0x080074a0       0x9c ./Core/Src/tim.o
                0x080074a0                MX_TIM4_Init
 .text.HAL_TIM_Encoder_MspInit
                0x0800753c       0xf4 ./Core/Src/tim.o
                0x0800753c                HAL_TIM_Encoder_MspInit
 .text.HAL_TIM_Base_MspInit
                0x08007630       0x7c ./Core/Src/tim.o
                0x08007630                HAL_TIM_Base_MspInit
 .text.HAL_TIM_MspPostInit
                0x080076ac       0xb4 ./Core/Src/tim.o
                0x080076ac                HAL_TIM_MspPostInit
 .text.MX_UART5_Init
                0x08007760       0x54 ./Core/Src/usart.o
                0x08007760                MX_UART5_Init
 .text.MX_USART6_UART_Init
                0x080077b4       0x54 ./Core/Src/usart.o
                0x080077b4                MX_USART6_UART_Init
 .text.HAL_UART_MspInit
                0x08007808      0x28c ./Core/Src/usart.o
                0x08007808                HAL_UART_MspInit
 .text.Reset_Handler
                0x08007a94       0x50 ./Core/Startup/startup_stm32f446retx.o
                0x08007a94                Reset_Handler
 .text.Default_Handler
                0x08007ae4        0x2 ./Core/Startup/startup_stm32f446retx.o
                0x08007ae4                RTC_Alarm_IRQHandler
                0x08007ae4                EXTI2_IRQHandler
                0x08007ae4                TIM8_CC_IRQHandler
                0x08007ae4                FMPI2C1_EV_IRQHandler
                0x08007ae4                SPI4_IRQHandler
                0x08007ae4                TIM1_CC_IRQHandler
                0x08007ae4                DMA2_Stream5_IRQHandler
                0x08007ae4                DMA1_Stream5_IRQHandler
                0x08007ae4                PVD_IRQHandler
                0x08007ae4                SDIO_IRQHandler
                0x08007ae4                TAMP_STAMP_IRQHandler
                0x08007ae4                CAN2_RX1_IRQHandler
                0x08007ae4                EXTI3_IRQHandler
                0x08007ae4                TIM8_TRG_COM_TIM14_IRQHandler
                0x08007ae4                TIM1_UP_TIM10_IRQHandler
                0x08007ae4                TIM8_UP_TIM13_IRQHandler
                0x08007ae4                I2C3_ER_IRQHandler
                0x08007ae4                EXTI0_IRQHandler
                0x08007ae4                I2C2_EV_IRQHandler
                0x08007ae4                DMA1_Stream2_IRQHandler
                0x08007ae4                CAN1_RX0_IRQHandler
                0x08007ae4                FPU_IRQHandler
                0x08007ae4                OTG_HS_WKUP_IRQHandler
                0x08007ae4                CAN2_SCE_IRQHandler
                0x08007ae4                DMA2_Stream2_IRQHandler
                0x08007ae4                SPI1_IRQHandler
                0x08007ae4                TIM6_DAC_IRQHandler
                0x08007ae4                TIM1_BRK_TIM9_IRQHandler
                0x08007ae4                DCMI_IRQHandler
                0x08007ae4                CAN2_RX0_IRQHandler
                0x08007ae4                DMA2_Stream3_IRQHandler
                0x08007ae4                SAI2_IRQHandler
                0x08007ae4                USART3_IRQHandler
                0x08007ae4                CAN1_RX1_IRQHandler
                0x08007ae4                DMA2_Stream0_IRQHandler
                0x08007ae4                QUADSPI_IRQHandler
                0x08007ae4                I2C1_EV_IRQHandler
                0x08007ae4                DMA1_Stream6_IRQHandler
                0x08007ae4                DMA1_Stream1_IRQHandler
                0x08007ae4                UART4_IRQHandler
                0x08007ae4                TIM3_IRQHandler
                0x08007ae4                RCC_IRQHandler
                0x08007ae4                TIM8_BRK_TIM12_IRQHandler
                0x08007ae4                Default_Handler
                0x08007ae4                CEC_IRQHandler
                0x08007ae4                EXTI15_10_IRQHandler
                0x08007ae4                ADC_IRQHandler
                0x08007ae4                TIM7_IRQHandler
                0x08007ae4                CAN2_TX_IRQHandler
                0x08007ae4                DMA2_Stream7_IRQHandler
                0x08007ae4                I2C3_EV_IRQHandler
                0x08007ae4                EXTI9_5_IRQHandler
                0x08007ae4                RTC_WKUP_IRQHandler
                0x08007ae4                SPDIF_RX_IRQHandler
                0x08007ae4                SPI2_IRQHandler
                0x08007ae4                OTG_HS_EP1_IN_IRQHandler
                0x08007ae4                CAN1_TX_IRQHandler
                0x08007ae4                FMPI2C1_ER_IRQHandler
                0x08007ae4                EXTI4_IRQHandler
                0x08007ae4                OTG_HS_EP1_OUT_IRQHandler
                0x08007ae4                WWDG_IRQHandler
                0x08007ae4                TIM2_IRQHandler
                0x08007ae4                OTG_FS_WKUP_IRQHandler
                0x08007ae4                TIM1_TRG_COM_TIM11_IRQHandler
                0x08007ae4                OTG_HS_IRQHandler
                0x08007ae4                EXTI1_IRQHandler
                0x08007ae4                USART2_IRQHandler
                0x08007ae4                I2C2_ER_IRQHandler
                0x08007ae4                CAN1_SCE_IRQHandler
                0x08007ae4                FLASH_IRQHandler
                0x08007ae4                DMA2_Stream4_IRQHandler
                0x08007ae4                USART1_IRQHandler
                0x08007ae4                OTG_FS_IRQHandler
                0x08007ae4                SPI3_IRQHandler
                0x08007ae4                DMA1_Stream4_IRQHandler
                0x08007ae4                I2C1_ER_IRQHandler
                0x08007ae4                FMC_IRQHandler
                0x08007ae4                DMA2_Stream6_IRQHandler
                0x08007ae4                SAI1_IRQHandler
                0x08007ae4                DMA1_Stream3_IRQHandler
 *fill*         0x08007ae6        0x2 
 .text.HAL_Init
                0x08007ae8       0x44 ./Drivers/STM32F4xx_HAL_Driver/Src/stm32f4xx_hal.o
                0x08007ae8                HAL_Init
 .text.HAL_IncTick
                0x08007b2c       0x28 ./Drivers/STM32F4xx_HAL_Driver/Src/stm32f4xx_hal.o
                0x08007b2c                HAL_IncTick
 .text.HAL_GetTick
                0x08007b54       0x18 ./Drivers/STM32F4xx_HAL_Driver/Src/stm32f4xx_hal.o
                0x08007b54                HAL_GetTick
 .text.HAL_Delay
                0x08007b6c       0x48 ./Drivers/STM32F4xx_HAL_Driver/Src/stm32f4xx_hal.o
                0x08007b6c                HAL_Delay
 .text.__NVIC_SetPriorityGrouping
                0x08007bb4       0x48 ./Drivers/STM32F4xx_HAL_Driver/Src/stm32f4xx_hal_cortex.o
 .text.__NVIC_GetPriorityGrouping
                0x08007bfc       0x1c ./Drivers/STM32F4xx_HAL_Driver/Src/stm32f4xx_hal_cortex.o
 .text.__NVIC_EnableIRQ
                0x08007c18       0x3c ./Drivers/STM32F4xx_HAL_Driver/Src/stm32f4xx_hal_cortex.o
 .text.__NVIC_DisableIRQ
                0x08007c54       0x48 ./Drivers/STM32F4xx_HAL_Driver/Src/stm32f4xx_hal_cortex.o
 .text.__NVIC_SetPriority
                0x08007c9c       0x54 ./Drivers/STM32F4xx_HAL_Driver/Src/stm32f4xx_hal_cortex.o
 .text.NVIC_EncodePriority
                0x08007cf0       0x66 ./Drivers/STM32F4xx_HAL_Driver/Src/stm32f4xx_hal_cortex.o
 .text.HAL_NVIC_SetPriorityGrouping
                0x08007d56       0x16 ./Drivers/STM32F4xx_HAL_Driver/Src/stm32f4xx_hal_cortex.o
                0x08007d56                HAL_NVIC_SetPriorityGrouping
 .text.HAL_NVIC_SetPriority
                0x08007d6c       0x38 ./Drivers/STM32F4xx_HAL_Driver/Src/stm32f4xx_hal_cortex.o
                0x08007d6c                HAL_NVIC_SetPriority
 .text.HAL_NVIC_EnableIRQ
                0x08007da4       0x1c ./Drivers/STM32F4xx_HAL_Driver/Src/stm32f4xx_hal_cortex.o
                0x08007da4                HAL_NVIC_EnableIRQ
 .text.HAL_NVIC_DisableIRQ
                0x08007dc0       0x1c ./Drivers/STM32F4xx_HAL_Driver/Src/stm32f4xx_hal_cortex.o
                0x08007dc0                HAL_NVIC_DisableIRQ
 .text.HAL_DMA_Init
                0x08007ddc      0x15c ./Drivers/STM32F4xx_HAL_Driver/Src/stm32f4xx_hal_dma.o
                0x08007ddc                HAL_DMA_Init
 .text.HAL_DMA_Start_IT
                0x08007f38       0xb0 ./Drivers/STM32F4xx_HAL_Driver/Src/stm32f4xx_hal_dma.o
                0x08007f38                HAL_DMA_Start_IT
 .text.HAL_DMA_Abort
                0x08007fe8       0xe0 ./Drivers/STM32F4xx_HAL_Driver/Src/stm32f4xx_hal_dma.o
                0x08007fe8                HAL_DMA_Abort
 .text.HAL_DMA_Abort_IT
                0x080080c8       0x44 ./Drivers/STM32F4xx_HAL_Driver/Src/stm32f4xx_hal_dma.o
                0x080080c8                HAL_DMA_Abort_IT
 .text.HAL_DMA_IRQHandler
                0x0800810c      0x314 ./Drivers/STM32F4xx_HAL_Driver/Src/stm32f4xx_hal_dma.o
                0x0800810c                HAL_DMA_IRQHandler
 .text.DMA_SetConfig
                0x08008420       0x5c ./Drivers/STM32F4xx_HAL_Driver/Src/stm32f4xx_hal_dma.o
 .text.DMA_CalcBaseAndBitshift
                0x0800847c       0x6c ./Drivers/STM32F4xx_HAL_Driver/Src/stm32f4xx_hal_dma.o
 .text.DMA_CheckFifoParam
                0x080084e8       0xf8 ./Drivers/STM32F4xx_HAL_Driver/Src/stm32f4xx_hal_dma.o
 .text.HAL_GPIO_Init
                0x080085e0      0x328 ./Drivers/STM32F4xx_HAL_Driver/Src/stm32f4xx_hal_gpio.o
                0x080085e0                HAL_GPIO_Init
 .text.HAL_GPIO_WritePin
                0x08008908       0x32 ./Drivers/STM32F4xx_HAL_Driver/Src/stm32f4xx_hal_gpio.o
                0x08008908                HAL_GPIO_WritePin
 .text.HAL_GPIO_TogglePin
                0x0800893a       0x34 ./Drivers/STM32F4xx_HAL_Driver/Src/stm32f4xx_hal_gpio.o
                0x0800893a                HAL_GPIO_TogglePin
 *fill*         0x0800896e        0x2 
 .text.HAL_I2C_Init
                0x08008970      0x288 ./Drivers/STM32F4xx_HAL_Driver/Src/stm32f4xx_hal_i2c.o
                0x08008970                HAL_I2C_Init
 .text.HAL_RCC_ClockConfig
                0x08008bf8      0x1cc ./Drivers/STM32F4xx_HAL_Driver/Src/stm32f4xx_hal_rcc.o
                0x08008bf8                HAL_RCC_ClockConfig
 .text.HAL_RCC_GetHCLKFreq
                0x08008dc4       0x18 ./Drivers/STM32F4xx_HAL_Driver/Src/stm32f4xx_hal_rcc.o
                0x08008dc4                HAL_RCC_GetHCLKFreq
 .text.HAL_RCC_GetPCLK1Freq
                0x08008ddc       0x28 ./Drivers/STM32F4xx_HAL_Driver/Src/stm32f4xx_hal_rcc.o
                0x08008ddc                HAL_RCC_GetPCLK1Freq
 .text.HAL_RCC_GetPCLK2Freq
                0x08008e04       0x28 ./Drivers/STM32F4xx_HAL_Driver/Src/stm32f4xx_hal_rcc.o
                0x08008e04                HAL_RCC_GetPCLK2Freq
 .text.HAL_RCC_GetClockConfig
                0x08008e2c       0x64 ./Drivers/STM32F4xx_HAL_Driver/Src/stm32f4xx_hal_rcc.o
                0x08008e2c                HAL_RCC_GetClockConfig
 .text.HAL_RCC_GetSysClockFreq
                0x08008e90      0x460 ./Drivers/STM32F4xx_HAL_Driver/Src/stm32f4xx_hal_rcc_ex.o
                0x08008e90                HAL_RCC_GetSysClockFreq
 .text.HAL_RCC_OscConfig
                0x080092f0      0x53c ./Drivers/STM32F4xx_HAL_Driver/Src/stm32f4xx_hal_rcc_ex.o
                0x080092f0                HAL_RCC_OscConfig
 .text.HAL_SPI_Init
                0x0800982c      0x112 ./Drivers/STM32F4xx_HAL_Driver/Src/stm32f4xx_hal_spi.o
                0x0800982c                HAL_SPI_Init
 .text.HAL_SPI_Transmit
                0x0800993e      0x288 ./Drivers/STM32F4xx_HAL_Driver/Src/stm32f4xx_hal_spi.o
                0x0800993e                HAL_SPI_Transmit
 .text.HAL_SPI_Receive
                0x08009bc6      0x232 ./Drivers/STM32F4xx_HAL_Driver/Src/stm32f4xx_hal_spi.o
                0x08009bc6                HAL_SPI_Receive
 .text.HAL_SPI_TransmitReceive
                0x08009df8      0x352 ./Drivers/STM32F4xx_HAL_Driver/Src/stm32f4xx_hal_spi.o
                0x08009df8                HAL_SPI_TransmitReceive
 *fill*         0x0800a14a        0x2 
 .text.SPI_WaitFlagStateUntilTimeout
                0x0800a14c      0x110 ./Drivers/STM32F4xx_HAL_Driver/Src/stm32f4xx_hal_spi.o
 .text.SPI_EndRxTransaction
                0x0800a25c       0xca ./Drivers/STM32F4xx_HAL_Driver/Src/stm32f4xx_hal_spi.o
 *fill*         0x0800a326        0x2 
 .text.SPI_EndRxTxTransaction
                0x0800a328       0xa8 ./Drivers/STM32F4xx_HAL_Driver/Src/stm32f4xx_hal_spi.o
 .text.HAL_TIM_Base_Init
                0x0800a3d0       0x9e ./Drivers/STM32F4xx_HAL_Driver/Src/stm32f4xx_hal_tim.o
                0x0800a3d0                HAL_TIM_Base_Init
 *fill*         0x0800a46e        0x2 
 .text.HAL_TIM_Base_Start_IT
                0x0800a470       0xe0 ./Drivers/STM32F4xx_HAL_Driver/Src/stm32f4xx_hal_tim.o
                0x0800a470                HAL_TIM_Base_Start_IT
 .text.HAL_TIM_PWM_Init
                0x0800a550       0x9e ./Drivers/STM32F4xx_HAL_Driver/Src/stm32f4xx_hal_tim.o
                0x0800a550                HAL_TIM_PWM_Init
 .text.HAL_TIM_PWM_MspInit
                0x0800a5ee       0x14 ./Drivers/STM32F4xx_HAL_Driver/Src/stm32f4xx_hal_tim.o
                0x0800a5ee                HAL_TIM_PWM_MspInit
 *fill*         0x0800a602        0x2 
 .text.HAL_TIM_PWM_Start
                0x0800a604      0x190 ./Drivers/STM32F4xx_HAL_Driver/Src/stm32f4xx_hal_tim.o
                0x0800a604                HAL_TIM_PWM_Start
 .text.HAL_TIM_Encoder_Init
                0x0800a794      0x14c ./Drivers/STM32F4xx_HAL_Driver/Src/stm32f4xx_hal_tim.o
                0x0800a794                HAL_TIM_Encoder_Init
 .text.HAL_TIM_Encoder_Start
                0x0800a8e0      0x11c ./Drivers/STM32F4xx_HAL_Driver/Src/stm32f4xx_hal_tim.o
                0x0800a8e0                HAL_TIM_Encoder_Start
 .text.HAL_TIM_IRQHandler
                0x0800a9fc      0x1e0 ./Drivers/STM32F4xx_HAL_Driver/Src/stm32f4xx_hal_tim.o
                0x0800a9fc                HAL_TIM_IRQHandler
 .text.HAL_TIM_PWM_ConfigChannel
                0x0800abdc      0x184 ./Drivers/STM32F4xx_HAL_Driver/Src/stm32f4xx_hal_tim.o
                0x0800abdc                HAL_TIM_PWM_ConfigChannel
 .text.HAL_TIM_ConfigClockSource
                0x0800ad60      0x18e ./Drivers/STM32F4xx_HAL_Driver/Src/stm32f4xx_hal_tim.o
                0x0800ad60                HAL_TIM_ConfigClockSource
 .text.HAL_TIM_OC_DelayElapsedCallback
                0x0800aeee       0x14 ./Drivers/STM32F4xx_HAL_Driver/Src/stm32f4xx_hal_tim.o
                0x0800aeee                HAL_TIM_OC_DelayElapsedCallback
 .text.HAL_TIM_IC_CaptureCallback
                0x0800af02       0x14 ./Drivers/STM32F4xx_HAL_Driver/Src/stm32f4xx_hal_tim.o
                0x0800af02                HAL_TIM_IC_CaptureCallback
 .text.HAL_TIM_PWM_PulseFinishedCallback
                0x0800af16       0x14 ./Drivers/STM32F4xx_HAL_Driver/Src/stm32f4xx_hal_tim.o
                0x0800af16                HAL_TIM_PWM_PulseFinishedCallback
 .text.HAL_TIM_TriggerCallback
                0x0800af2a       0x14 ./Drivers/STM32F4xx_HAL_Driver/Src/stm32f4xx_hal_tim.o
                0x0800af2a                HAL_TIM_TriggerCallback
 *fill*         0x0800af3e        0x2 
 .text.TIM_Base_SetConfig
                0x0800af40      0x14c ./Drivers/STM32F4xx_HAL_Driver/Src/stm32f4xx_hal_tim.o
                0x0800af40                TIM_Base_SetConfig
 .text.TIM_OC1_SetConfig
                0x0800b08c       0xe0 ./Drivers/STM32F4xx_HAL_Driver/Src/stm32f4xx_hal_tim.o
 .text.TIM_OC2_SetConfig
                0x0800b16c       0xec ./Drivers/STM32F4xx_HAL_Driver/Src/stm32f4xx_hal_tim.o
                0x0800b16c                TIM_OC2_SetConfig
 .text.TIM_OC3_SetConfig
                0x0800b258       0xe8 ./Drivers/STM32F4xx_HAL_Driver/Src/stm32f4xx_hal_tim.o
 .text.TIM_OC4_SetConfig
                0x0800b340       0xac ./Drivers/STM32F4xx_HAL_Driver/Src/stm32f4xx_hal_tim.o
 .text.TIM_TI1_ConfigInputStage
                0x0800b3ec       0x5e ./Drivers/STM32F4xx_HAL_Driver/Src/stm32f4xx_hal_tim.o
 .text.TIM_TI2_ConfigInputStage
                0x0800b44a       0x60 ./Drivers/STM32F4xx_HAL_Driver/Src/stm32f4xx_hal_tim.o
 .text.TIM_ITRx_SetConfig
                0x0800b4aa       0x36 ./Drivers/STM32F4xx_HAL_Driver/Src/stm32f4xx_hal_tim.o
 .text.TIM_ETR_SetConfig
                0x0800b4e0       0x40 ./Drivers/STM32F4xx_HAL_Driver/Src/stm32f4xx_hal_tim.o
                0x0800b4e0                TIM_ETR_SetConfig
 .text.TIM_CCxChannelCmd
                0x0800b520       0x4a ./Drivers/STM32F4xx_HAL_Driver/Src/stm32f4xx_hal_tim.o
                0x0800b520                TIM_CCxChannelCmd
 *fill*         0x0800b56a        0x2 
 .text.HAL_TIMEx_MasterConfigSynchronization
                0x0800b56c       0xf8 ./Drivers/STM32F4xx_HAL_Driver/Src/stm32f4xx_hal_tim_ex.o
                0x0800b56c                HAL_TIMEx_MasterConfigSynchronization
 .text.HAL_TIMEx_CommutCallback
                0x0800b664       0x14 ./Drivers/STM32F4xx_HAL_Driver/Src/stm32f4xx_hal_tim_ex.o
                0x0800b664                HAL_TIMEx_CommutCallback
 .text.HAL_TIMEx_BreakCallback
                0x0800b678       0x14 ./Drivers/STM32F4xx_HAL_Driver/Src/stm32f4xx_hal_tim_ex.o
                0x0800b678                HAL_TIMEx_BreakCallback
 .text.HAL_UART_Init
                0x0800b68c       0xa0 ./Drivers/STM32F4xx_HAL_Driver/Src/stm32f4xx_hal_uart.o
                0x0800b68c                HAL_UART_Init
 .text.HAL_UART_Transmit
                0x0800b72c      0x116 ./Drivers/STM32F4xx_HAL_Driver/Src/stm32f4xx_hal_uart.o
                0x0800b72c                HAL_UART_Transmit
 .text.HAL_UART_Receive_DMA
                0x0800b842       0x4a ./Drivers/STM32F4xx_HAL_Driver/Src/stm32f4xx_hal_uart.o
                0x0800b842                HAL_UART_Receive_DMA
 .text.HAL_UART_DMAStop
                0x0800b88c       0xfe ./Drivers/STM32F4xx_HAL_Driver/Src/stm32f4xx_hal_uart.o
                0x0800b88c                HAL_UART_DMAStop
 *fill*         0x0800b98a        0x2 
 .text.HAL_UART_IRQHandler
                0x0800b98c      0x554 ./Drivers/STM32F4xx_HAL_Driver/Src/stm32f4xx_hal_uart.o
                0x0800b98c                HAL_UART_IRQHandler
 .text.HAL_UARTEx_RxEventCallback
                0x0800bee0       0x18 ./Drivers/STM32F4xx_HAL_Driver/Src/stm32f4xx_hal_uart.o
                0x0800bee0                HAL_UARTEx_RxEventCallback
 .text.UART_DMAReceiveCplt
                0x0800bef8      0x12c ./Drivers/STM32F4xx_HAL_Driver/Src/stm32f4xx_hal_uart.o
 .text.UART_DMARxHalfCplt
                0x0800c024       0x3c ./Drivers/STM32F4xx_HAL_Driver/Src/stm32f4xx_hal_uart.o
 .text.UART_DMAError
                0x0800c060       0x94 ./Drivers/STM32F4xx_HAL_Driver/Src/stm32f4xx_hal_uart.o
 .text.UART_WaitOnFlagUntilTimeout
                0x0800c0f4       0xb2 ./Drivers/STM32F4xx_HAL_Driver/Src/stm32f4xx_hal_uart.o
 *fill*         0x0800c1a6        0x2 
 .text.UART_Start_Receive_DMA
                0x0800c1a8      0x14c ./Drivers/STM32F4xx_HAL_Driver/Src/stm32f4xx_hal_uart.o
                0x0800c1a8                UART_Start_Receive_DMA
 .text.UART_EndTxTransfer
                0x0800c2f4       0x50 ./Drivers/STM32F4xx_HAL_Driver/Src/stm32f4xx_hal_uart.o
 .text.UART_EndRxTransfer
                0x0800c344       0xc6 ./Drivers/STM32F4xx_HAL_Driver/Src/stm32f4xx_hal_uart.o
 .text.UART_DMAAbortOnError
                0x0800c40a       0x22 ./Drivers/STM32F4xx_HAL_Driver/Src/stm32f4xx_hal_uart.o
 .text.UART_Transmit_IT
                0x0800c42c       0xa0 ./Drivers/STM32F4xx_HAL_Driver/Src/stm32f4xx_hal_uart.o
 .text.UART_EndTransmit_IT
                0x0800c4cc       0x30 ./Drivers/STM32F4xx_HAL_Driver/Src/stm32f4xx_hal_uart.o
 .text.UART_Receive_IT
                0x0800c4fc      0x17c ./Drivers/STM32F4xx_HAL_Driver/Src/stm32f4xx_hal_uart.o
 .text.UART_SetConfig
                0x0800c678      0x4e8 ./Drivers/STM32F4xx_HAL_Driver/Src/stm32f4xx_hal_uart.o
 .text.__NVIC_SetPriority
                0x0800cb60       0x54 ./Middlewares/Third_Party/FreeRTOS/Source/CMSIS_RTOS_V2/cmsis_os2.o
 .text.SysTick_Handler
                0x0800cbb4       0x20 ./Middlewares/Third_Party/FreeRTOS/Source/CMSIS_RTOS_V2/cmsis_os2.o
                0x0800cbb4                SysTick_Handler
 .text.SVC_Setup
                0x0800cbd4       0x12 ./Middlewares/Third_Party/FreeRTOS/Source/CMSIS_RTOS_V2/cmsis_os2.o
 *fill*         0x0800cbe6        0x2 
 .text.osKernelInitialize
                0x0800cbe8       0x48 ./Middlewares/Third_Party/FreeRTOS/Source/CMSIS_RTOS_V2/cmsis_os2.o
                0x0800cbe8                osKernelInitialize
 .text.osKernelGetState
                0x0800cc30       0x44 ./Middlewares/Third_Party/FreeRTOS/Source/CMSIS_RTOS_V2/cmsis_os2.o
                0x0800cc30                osKernelGetState
 .text.osKernelStart
                0x0800cc74       0x4c ./Middlewares/Third_Party/FreeRTOS/Source/CMSIS_RTOS_V2/cmsis_os2.o
                0x0800cc74                osKernelStart
 .text.osThreadNew
                0x0800ccc0      0x124 ./Middlewares/Third_Party/FreeRTOS/Source/CMSIS_RTOS_V2/cmsis_os2.o
                0x0800ccc0                osThreadNew
 .text.osThreadYield
                0x0800cde4       0x40 ./Middlewares/Third_Party/FreeRTOS/Source/CMSIS_RTOS_V2/cmsis_os2.o
                0x0800cde4                osThreadYield
 .text.osDelay  0x0800ce24       0x36 ./Middlewares/Third_Party/FreeRTOS/Source/CMSIS_RTOS_V2/cmsis_os2.o
                0x0800ce24                osDelay
 .text.osMutexNew
                0x0800ce5a      0x10c ./Middlewares/Third_Party/FreeRTOS/Source/CMSIS_RTOS_V2/cmsis_os2.o
                0x0800ce5a                osMutexNew
 .text.osMutexAcquire
                0x0800cf66       0x96 ./Middlewares/Third_Party/FreeRTOS/Source/CMSIS_RTOS_V2/cmsis_os2.o
                0x0800cf66                osMutexAcquire
 .text.osMutexRelease
                0x0800cffc       0x7a ./Middlewares/Third_Party/FreeRTOS/Source/CMSIS_RTOS_V2/cmsis_os2.o
                0x0800cffc                osMutexRelease
 .text.osSemaphoreNew
                0x0800d076      0x112 ./Middlewares/Third_Party/FreeRTOS/Source/CMSIS_RTOS_V2/cmsis_os2.o
                0x0800d076                osSemaphoreNew
 .text.osSemaphoreAcquire
                0x0800d188       0xa4 ./Middlewares/Third_Party/FreeRTOS/Source/CMSIS_RTOS_V2/cmsis_os2.o
                0x0800d188                osSemaphoreAcquire
 .text.osSemaphoreRelease
                0x0800d22c       0x88 ./Middlewares/Third_Party/FreeRTOS/Source/CMSIS_RTOS_V2/cmsis_os2.o
                0x0800d22c                osSemaphoreRelease
 .text.osMessageQueueNew
                0x0800d2b4       0xe6 ./Middlewares/Third_Party/FreeRTOS/Source/CMSIS_RTOS_V2/cmsis_os2.o
                0x0800d2b4                osMessageQueueNew
 *fill*         0x0800d39a        0x2 
 .text.osMessageQueuePut
                0x0800d39c       0xc0 ./Middlewares/Third_Party/FreeRTOS/Source/CMSIS_RTOS_V2/cmsis_os2.o
                0x0800d39c                osMessageQueuePut
 .text.osMessageQueueGet
                0x0800d45c       0xbc ./Middlewares/Third_Party/FreeRTOS/Source/CMSIS_RTOS_V2/cmsis_os2.o
                0x0800d45c                osMessageQueueGet
 .text.osMessageQueueReset
                0x0800d518       0x44 ./Middlewares/Third_Party/FreeRTOS/Source/CMSIS_RTOS_V2/cmsis_os2.o
                0x0800d518                osMessageQueueReset
 .text.vApplicationGetIdleTaskMemory
                0x0800d55c       0x34 ./Middlewares/Third_Party/FreeRTOS/Source/CMSIS_RTOS_V2/cmsis_os2.o
                0x0800d55c                vApplicationGetIdleTaskMemory
 .text.vApplicationGetTimerTaskMemory
                0x0800d590       0x34 ./Middlewares/Third_Party/FreeRTOS/Source/CMSIS_RTOS_V2/cmsis_os2.o
                0x0800d590                vApplicationGetTimerTaskMemory
 .text.vListInitialise
                0x0800d5c4       0x40 ./Middlewares/Third_Party/FreeRTOS/Source/list.o
                0x0800d5c4                vListInitialise
 .text.vListInitialiseItem
                0x0800d604       0x1a ./Middlewares/Third_Party/FreeRTOS/Source/list.o
                0x0800d604                vListInitialiseItem
 .text.vListInsertEnd
                0x0800d61e       0x48 ./Middlewares/Third_Party/FreeRTOS/Source/list.o
                0x0800d61e                vListInsertEnd
 .text.vListInsert
                0x0800d666       0x72 ./Middlewares/Third_Party/FreeRTOS/Source/list.o
                0x0800d666                vListInsert
 .text.uxListRemove
                0x0800d6d8       0x54 ./Middlewares/Third_Party/FreeRTOS/Source/list.o
                0x0800d6d8                uxListRemove
 .text.xQueueGenericReset
                0x0800d72c       0xd4 ./Middlewares/Third_Party/FreeRTOS/Source/queue.o
                0x0800d72c                xQueueGenericReset
 .text.xQueueGenericCreateStatic
                0x0800d800       0xfa ./Middlewares/Third_Party/FreeRTOS/Source/queue.o
                0x0800d800                xQueueGenericCreateStatic
 .text.xQueueGenericCreate
                0x0800d8fa       0x76 ./Middlewares/Third_Party/FreeRTOS/Source/queue.o
                0x0800d8fa                xQueueGenericCreate
 .text.prvInitialiseNewQueue
                0x0800d970       0x46 ./Middlewares/Third_Party/FreeRTOS/Source/queue.o
 .text.prvInitialiseMutex
                0x0800d9b6       0x34 ./Middlewares/Third_Party/FreeRTOS/Source/queue.o
 .text.xQueueCreateMutex
                0x0800d9ea       0x30 ./Middlewares/Third_Party/FreeRTOS/Source/queue.o
                0x0800d9ea                xQueueCreateMutex
 .text.xQueueCreateMutexStatic
                0x0800da1a       0x36 ./Middlewares/Third_Party/FreeRTOS/Source/queue.o
                0x0800da1a                xQueueCreateMutexStatic
 .text.xQueueGiveMutexRecursive
                0x0800da50       0x6a ./Middlewares/Third_Party/FreeRTOS/Source/queue.o
                0x0800da50                xQueueGiveMutexRecursive
 .text.xQueueTakeMutexRecursive
                0x0800daba       0x6e ./Middlewares/Third_Party/FreeRTOS/Source/queue.o
                0x0800daba                xQueueTakeMutexRecursive
 .text.xQueueCreateCountingSemaphoreStatic
                0x0800db28       0x72 ./Middlewares/Third_Party/FreeRTOS/Source/queue.o
                0x0800db28                xQueueCreateCountingSemaphoreStatic
 .text.xQueueCreateCountingSemaphore
                0x0800db9a       0x6a ./Middlewares/Third_Party/FreeRTOS/Source/queue.o
                0x0800db9a                xQueueCreateCountingSemaphore
 .text.xQueueGenericSend
                0x0800dc04      0x204 ./Middlewares/Third_Party/FreeRTOS/Source/queue.o
                0x0800dc04                xQueueGenericSend
 .text.xQueueGenericSendFromISR
                0x0800de08      0x13c ./Middlewares/Third_Party/FreeRTOS/Source/queue.o
                0x0800de08                xQueueGenericSendFromISR
 .text.xQueueGiveFromISR
                0x0800df44      0x120 ./Middlewares/Third_Party/FreeRTOS/Source/queue.o
                0x0800df44                xQueueGiveFromISR
 .text.xQueueReceive
                0x0800e064      0x1c4 ./Middlewares/Third_Party/FreeRTOS/Source/queue.o
                0x0800e064                xQueueReceive
 .text.xQueueSemaphoreTake
                0x0800e228      0x220 ./Middlewares/Third_Party/FreeRTOS/Source/queue.o
                0x0800e228                xQueueSemaphoreTake
 .text.xQueueReceiveFromISR
                0x0800e448      0x104 ./Middlewares/Third_Party/FreeRTOS/Source/queue.o
                0x0800e448                xQueueReceiveFromISR
 .text.vQueueDelete
                0x0800e54c       0x48 ./Middlewares/Third_Party/FreeRTOS/Source/queue.o
                0x0800e54c                vQueueDelete
 .text.prvGetDisinheritPriorityAfterTimeout
                0x0800e594       0x30 ./Middlewares/Third_Party/FreeRTOS/Source/queue.o
 .text.prvCopyDataToQueue
                0x0800e5c4       0xd4 ./Middlewares/Third_Party/FreeRTOS/Source/queue.o
 .text.prvCopyDataFromQueue
                0x0800e698       0x4c ./Middlewares/Third_Party/FreeRTOS/Source/queue.o
 .text.prvUnlockQueue
                0x0800e6e4       0xa4 ./Middlewares/Third_Party/FreeRTOS/Source/queue.o
 .text.prvIsQueueEmpty
                0x0800e788       0x2c ./Middlewares/Third_Party/FreeRTOS/Source/queue.o
 .text.prvIsQueueFull
                0x0800e7b4       0x30 ./Middlewares/Third_Party/FreeRTOS/Source/queue.o
 .text.vQueueAddToRegistry
                0x0800e7e4       0x54 ./Middlewares/Third_Party/FreeRTOS/Source/queue.o
                0x0800e7e4                vQueueAddToRegistry
 .text.vQueueUnregisterQueue
                0x0800e838       0x54 ./Middlewares/Third_Party/FreeRTOS/Source/queue.o
                0x0800e838                vQueueUnregisterQueue
 .text.vQueueWaitForMessageRestricted
                0x0800e88c       0x68 ./Middlewares/Third_Party/FreeRTOS/Source/queue.o
                0x0800e88c                vQueueWaitForMessageRestricted
 .text.xTaskCreateStatic
                0x0800e8f4       0xc0 ./Middlewares/Third_Party/FreeRTOS/Source/tasks.o
                0x0800e8f4                xTaskCreateStatic
 .text.xTaskCreate
                0x0800e9b4       0x8a ./Middlewares/Third_Party/FreeRTOS/Source/tasks.o
                0x0800e9b4                xTaskCreate
 .text.prvInitialiseNewTask
                0x0800ea3e      0x120 ./Middlewares/Third_Party/FreeRTOS/Source/tasks.o
 *fill*         0x0800eb5e        0x2 
 .text.prvAddNewTaskToReadyList
                0x0800eb60       0xe0 ./Middlewares/Third_Party/FreeRTOS/Source/tasks.o
 .text.vTaskDelay
                0x0800ec40       0x6c ./Middlewares/Third_Party/FreeRTOS/Source/tasks.o
                0x0800ec40                vTaskDelay
 .text.vTaskStartScheduler
                0x0800ecac       0xd0 ./Middlewares/Third_Party/FreeRTOS/Source/tasks.o
                0x0800ecac                vTaskStartScheduler
 .text.vTaskSuspendAll
                0x0800ed7c       0x1c ./Middlewares/Third_Party/FreeRTOS/Source/tasks.o
                0x0800ed7c                vTaskSuspendAll
 .text.xTaskResumeAll
                0x0800ed98      0x13c ./Middlewares/Third_Party/FreeRTOS/Source/tasks.o
                0x0800ed98                xTaskResumeAll
 .text.xTaskGetTickCount
                0x0800eed4       0x20 ./Middlewares/Third_Party/FreeRTOS/Source/tasks.o
                0x0800eed4                xTaskGetTickCount
 .text.xTaskIncrementTick
                0x0800eef4      0x174 ./Middlewares/Third_Party/FreeRTOS/Source/tasks.o
                0x0800eef4                xTaskIncrementTick
 .text.vTaskSwitchContext
                0x0800f068       0xbc ./Middlewares/Third_Party/FreeRTOS/Source/tasks.o
                0x0800f068                vTaskSwitchContext
 .text.vTaskPlaceOnEventList
                0x0800f124       0x4c ./Middlewares/Third_Party/FreeRTOS/Source/tasks.o
                0x0800f124                vTaskPlaceOnEventList
 .text.vTaskPlaceOnEventListRestricted
                0x0800f170       0x58 ./Middlewares/Third_Party/FreeRTOS/Source/tasks.o
                0x0800f170                vTaskPlaceOnEventListRestricted
 .text.xTaskRemoveFromEventList
                0x0800f1c8       0xc8 ./Middlewares/Third_Party/FreeRTOS/Source/tasks.o
                0x0800f1c8                xTaskRemoveFromEventList
 .text.vTaskInternalSetTimeOutState
                0x0800f290       0x2c ./Middlewares/Third_Party/FreeRTOS/Source/tasks.o
                0x0800f290                vTaskInternalSetTimeOutState
 .text.xTaskCheckForTimeOut
                0x0800f2bc       0xc8 ./Middlewares/Third_Party/FreeRTOS/Source/tasks.o
                0x0800f2bc                xTaskCheckForTimeOut
 .text.vTaskMissedYield
                0x0800f384       0x18 ./Middlewares/Third_Party/FreeRTOS/Source/tasks.o
                0x0800f384                vTaskMissedYield
 .text.prvIdleTask
                0x0800f39c       0x30 ./Middlewares/Third_Party/FreeRTOS/Source/tasks.o
 .text.prvInitialiseTaskLists
                0x0800f3cc       0x80 ./Middlewares/Third_Party/FreeRTOS/Source/tasks.o
 .text.prvCheckTasksWaitingTermination
                0x0800f44c       0x5c ./Middlewares/Third_Party/FreeRTOS/Source/tasks.o
 .text.prvTaskCheckFreeStackSpace
                0x0800f4a8       0x38 ./Middlewares/Third_Party/FreeRTOS/Source/tasks.o
 .text.uxTaskGetStackHighWaterMark
                0x0800f4e0       0x38 ./Middlewares/Third_Party/FreeRTOS/Source/tasks.o
                0x0800f4e0                uxTaskGetStackHighWaterMark
 .text.prvDeleteTCB
                0x0800f518       0x60 ./Middlewares/Third_Party/FreeRTOS/Source/tasks.o
 .text.prvResetNextTaskUnblockTime
                0x0800f578       0x40 ./Middlewares/Third_Party/FreeRTOS/Source/tasks.o
 .text.xTaskGetCurrentTaskHandle
                0x0800f5b8       0x20 ./Middlewares/Third_Party/FreeRTOS/Source/tasks.o
                0x0800f5b8                xTaskGetCurrentTaskHandle
 .text.xTaskGetSchedulerState
                0x0800f5d8       0x3c ./Middlewares/Third_Party/FreeRTOS/Source/tasks.o
                0x0800f5d8                xTaskGetSchedulerState
 .text.xTaskPriorityInherit
                0x0800f614       0xd0 ./Middlewares/Third_Party/FreeRTOS/Source/tasks.o
                0x0800f614                xTaskPriorityInherit
 .text.xTaskPriorityDisinherit
                0x0800f6e4       0xe0 ./Middlewares/Third_Party/FreeRTOS/Source/tasks.o
                0x0800f6e4                xTaskPriorityDisinherit
 .text.vTaskPriorityDisinheritAfterTimeout
                0x0800f7c4      0x108 ./Middlewares/Third_Party/FreeRTOS/Source/tasks.o
                0x0800f7c4                vTaskPriorityDisinheritAfterTimeout
 .text.pvTaskIncrementMutexHeldCount
                0x0800f8cc       0x28 ./Middlewares/Third_Party/FreeRTOS/Source/tasks.o
                0x0800f8cc                pvTaskIncrementMutexHeldCount
 .text.prvAddCurrentTaskToDelayedList
                0x0800f8f4       0xa8 ./Middlewares/Third_Party/FreeRTOS/Source/tasks.o
 .text.xTimerCreateTimerTask
                0x0800f99c       0x94 ./Middlewares/Third_Party/FreeRTOS/Source/timers.o
                0x0800f99c                xTimerCreateTimerTask
 .text.xTimerGenericCommand
                0x0800fa30       0x9c ./Middlewares/Third_Party/FreeRTOS/Source/timers.o
                0x0800fa30                xTimerGenericCommand
 .text.prvProcessExpiredTimer
                0x0800facc       0x9c ./Middlewares/Third_Party/FreeRTOS/Source/timers.o
 .text.prvTimerTask
                0x0800fb68       0x26 ./Middlewares/Third_Party/FreeRTOS/Source/timers.o
 *fill*         0x0800fb8e        0x2 
 .text.prvProcessTimerOrBlockTask
                0x0800fb90       0x9c ./Middlewares/Third_Party/FreeRTOS/Source/timers.o
 .text.prvGetNextExpireTime
                0x0800fc2c       0x48 ./Middlewares/Third_Party/FreeRTOS/Source/timers.o
 .text.prvSampleTimeNow
                0x0800fc74       0x40 ./Middlewares/Third_Party/FreeRTOS/Source/timers.o
 .text.prvInsertTimerInActiveList
                0x0800fcb4       0x84 ./Middlewares/Third_Party/FreeRTOS/Source/timers.o
 .text.prvProcessReceivedCommands
                0x0800fd38      0x1cc ./Middlewares/Third_Party/FreeRTOS/Source/timers.o
 .text.prvSwitchTimerLists
                0x0800ff04       0xcc ./Middlewares/Third_Party/FreeRTOS/Source/timers.o
 .text.prvCheckForValidListAndQueue
                0x0800ffd0       0x80 ./Middlewares/Third_Party/FreeRTOS/Source/timers.o
 .text.pxPortInitialiseStack
                0x08010050       0x68 ./Middlewares/Third_Party/FreeRTOS/Source/portable/GCC/ARM_CM4F/port.o
                0x08010050                pxPortInitialiseStack
 .text.prvTaskExitError
                0x080100b8       0x5c ./Middlewares/Third_Party/FreeRTOS/Source/portable/GCC/ARM_CM4F/port.o
 *fill*         0x08010114        0xc 
 .text.SVC_Handler
                0x08010120       0x28 ./Middlewares/Third_Party/FreeRTOS/Source/portable/GCC/ARM_CM4F/port.o
                0x08010120                SVC_Handler
 .text.prvPortStartFirstTask
                0x08010148       0x28 ./Middlewares/Third_Party/FreeRTOS/Source/portable/GCC/ARM_CM4F/port.o
 .text.xPortStartScheduler
                0x08010170      0x148 ./Middlewares/Third_Party/FreeRTOS/Source/portable/GCC/ARM_CM4F/port.o
                0x08010170                xPortStartScheduler
 .text.vPortEnterCritical
                0x080102b8       0x64 ./Middlewares/Third_Party/FreeRTOS/Source/portable/GCC/ARM_CM4F/port.o
                0x080102b8                vPortEnterCritical
 .text.vPortExitCritical
                0x0801031c       0x54 ./Middlewares/Third_Party/FreeRTOS/Source/portable/GCC/ARM_CM4F/port.o
                0x0801031c                vPortExitCritical
 .text.PendSV_Handler
                0x08010370       0x68 ./Middlewares/Third_Party/FreeRTOS/Source/portable/GCC/ARM_CM4F/port.o
                0x08010370                PendSV_Handler
 .text.xPortSysTickHandler
                0x080103d8       0x44 ./Middlewares/Third_Party/FreeRTOS/Source/portable/GCC/ARM_CM4F/port.o
                0x080103d8                xPortSysTickHandler
 .text.vPortSetupTimerInterrupt
                0x0801041c       0x48 ./Middlewares/Third_Party/FreeRTOS/Source/portable/GCC/ARM_CM4F/port.o
                0x0801041c                vPortSetupTimerInterrupt
 .text.vPortEnableVFP
                0x08010464       0x14 ./Middlewares/Third_Party/FreeRTOS/Source/portable/GCC/ARM_CM4F/port.o
 .text.vPortValidateInterruptPriority
                0x08010478       0x84 ./Middlewares/Third_Party/FreeRTOS/Source/portable/GCC/ARM_CM4F/port.o
                0x08010478                vPortValidateInterruptPriority
 .text.pvPortMalloc
                0x080104fc      0x19c ./Middlewares/Third_Party/FreeRTOS/Source/portable/MemMang/heap_4.o
                0x080104fc                pvPortMalloc
 .text.vPortFree
                0x08010698       0xc8 ./Middlewares/Third_Party/FreeRTOS/Source/portable/MemMang/heap_4.o
                0x08010698                vPortFree
 .text.xPortGetFreeHeapSize
                0x08010760       0x18 ./Middlewares/Third_Party/FreeRTOS/Source/portable/MemMang/heap_4.o
                0x08010760                xPortGetFreeHeapSize
 .text.xPortGetMinimumEverFreeHeapSize
                0x08010778       0x18 ./Middlewares/Third_Party/FreeRTOS/Source/portable/MemMang/heap_4.o
                0x08010778                xPortGetMinimumEverFreeHeapSize
 .text.prvHeapInit
                0x08010790       0xc4 ./Middlewares/Third_Party/FreeRTOS/Source/portable/MemMang/heap_4.o
 .text.prvInsertBlockIntoFreeList
                0x08010854       0xb4 ./Middlewares/Third_Party/FreeRTOS/Source/portable/MemMang/heap_4.o
 .text.std      0x08010908       0x6c C:/ST/STM32CubeIDE_1.17.0/STM32CubeIDE/plugins/com.st.stm32cube.ide.mcu.externaltools.gnu-tools-for-stm32.12.3.rel1.win32_1.1.0.202410251130/tools/bin/../lib/gcc/arm-none-eabi/12.3.1/../../../../arm-none-eabi/lib/thumb/v7e-m+fp/hard\libc_nano.a(libc_a-findfp.o)
 .text.stdio_exit_handler
                0x08010974       0x18 C:/ST/STM32CubeIDE_1.17.0/STM32CubeIDE/plugins/com.st.stm32cube.ide.mcu.externaltools.gnu-tools-for-stm32.12.3.rel1.win32_1.1.0.202410251130/tools/bin/../lib/gcc/arm-none-eabi/12.3.1/../../../../arm-none-eabi/lib/thumb/v7e-m+fp/hard\libc_nano.a(libc_a-findfp.o)
 .text.cleanup_stdio
                0x0801098c       0x40 C:/ST/STM32CubeIDE_1.17.0/STM32CubeIDE/plugins/com.st.stm32cube.ide.mcu.externaltools.gnu-tools-for-stm32.12.3.rel1.win32_1.1.0.202410251130/tools/bin/../lib/gcc/arm-none-eabi/12.3.1/../../../../arm-none-eabi/lib/thumb/v7e-m+fp/hard\libc_nano.a(libc_a-findfp.o)
 .text.global_stdio_init.part.0
                0x080109cc       0x3c C:/ST/STM32CubeIDE_1.17.0/STM32CubeIDE/plugins/com.st.stm32cube.ide.mcu.externaltools.gnu-tools-for-stm32.12.3.rel1.win32_1.1.0.202410251130/tools/bin/../lib/gcc/arm-none-eabi/12.3.1/../../../../arm-none-eabi/lib/thumb/v7e-m+fp/hard\libc_nano.a(libc_a-findfp.o)
 .text.__sfp_lock_acquire
                0x08010a08        0xc C:/ST/STM32CubeIDE_1.17.0/STM32CubeIDE/plugins/com.st.stm32cube.ide.mcu.externaltools.gnu-tools-for-stm32.12.3.rel1.win32_1.1.0.202410251130/tools/bin/../lib/gcc/arm-none-eabi/12.3.1/../../../../arm-none-eabi/lib/thumb/v7e-m+fp/hard\libc_nano.a(libc_a-findfp.o)
                0x08010a08                __sfp_lock_acquire
 .text.__sfp_lock_release
                0x08010a14        0xc C:/ST/STM32CubeIDE_1.17.0/STM32CubeIDE/plugins/com.st.stm32cube.ide.mcu.externaltools.gnu-tools-for-stm32.12.3.rel1.win32_1.1.0.202410251130/tools/bin/../lib/gcc/arm-none-eabi/12.3.1/../../../../arm-none-eabi/lib/thumb/v7e-m+fp/hard\libc_nano.a(libc_a-findfp.o)
                0x08010a14                __sfp_lock_release
 .text.__sinit  0x08010a20       0x30 C:/ST/STM32CubeIDE_1.17.0/STM32CubeIDE/plugins/com.st.stm32cube.ide.mcu.externaltools.gnu-tools-for-stm32.12.3.rel1.win32_1.1.0.202410251130/tools/bin/../lib/gcc/arm-none-eabi/12.3.1/../../../../arm-none-eabi/lib/thumb/v7e-m+fp/hard\libc_nano.a(libc_a-findfp.o)
                0x08010a20                __sinit
 .text._fwalk_sglue
                0x08010a50       0x3c C:/ST/STM32CubeIDE_1.17.0/STM32CubeIDE/plugins/com.st.stm32cube.ide.mcu.externaltools.gnu-tools-for-stm32.12.3.rel1.win32_1.1.0.202410251130/tools/bin/../lib/gcc/arm-none-eabi/12.3.1/../../../../arm-none-eabi/lib/thumb/v7e-m+fp/hard\libc_nano.a(libc_a-fwalk.o)
                0x08010a50                _fwalk_sglue
 .text._puts_r  0x08010a8c       0xaa C:/ST/STM32CubeIDE_1.17.0/STM32CubeIDE/plugins/com.st.stm32cube.ide.mcu.externaltools.gnu-tools-for-stm32.12.3.rel1.win32_1.1.0.202410251130/tools/bin/../lib/gcc/arm-none-eabi/12.3.1/../../../../arm-none-eabi/lib/thumb/v7e-m+fp/hard\libc_nano.a(libc_a-puts.o)
                0x08010a8c                _puts_r
 *fill*         0x08010b36        0x2 
 .text.puts     0x08010b38       0x10 C:/ST/STM32CubeIDE_1.17.0/STM32CubeIDE/plugins/com.st.stm32cube.ide.mcu.externaltools.gnu-tools-for-stm32.12.3.rel1.win32_1.1.0.202410251130/tools/bin/../lib/gcc/arm-none-eabi/12.3.1/../../../../arm-none-eabi/lib/thumb/v7e-m+fp/hard\libc_nano.a(libc_a-puts.o)
                0x08010b38                puts
 .text.snprintf
                0x08010b48       0x68 C:/ST/STM32CubeIDE_1.17.0/STM32CubeIDE/plugins/com.st.stm32cube.ide.mcu.externaltools.gnu-tools-for-stm32.12.3.rel1.win32_1.1.0.202410251130/tools/bin/../lib/gcc/arm-none-eabi/12.3.1/../../../../arm-none-eabi/lib/thumb/v7e-m+fp/hard\libc_nano.a(libc_a-snprintf.o)
                0x08010b48                sniprintf
                0x08010b48                snprintf
 .text.__sread  0x08010bb0       0x22 C:/ST/STM32CubeIDE_1.17.0/STM32CubeIDE/plugins/com.st.stm32cube.ide.mcu.externaltools.gnu-tools-for-stm32.12.3.rel1.win32_1.1.0.202410251130/tools/bin/../lib/gcc/arm-none-eabi/12.3.1/../../../../arm-none-eabi/lib/thumb/v7e-m+fp/hard\libc_nano.a(libc_a-stdio.o)
                0x08010bb0                __sread
 .text.__swrite
                0x08010bd2       0x38 C:/ST/STM32CubeIDE_1.17.0/STM32CubeIDE/plugins/com.st.stm32cube.ide.mcu.externaltools.gnu-tools-for-stm32.12.3.rel1.win32_1.1.0.202410251130/tools/bin/../lib/gcc/arm-none-eabi/12.3.1/../../../../arm-none-eabi/lib/thumb/v7e-m+fp/hard\libc_nano.a(libc_a-stdio.o)
                0x08010bd2                __swrite
 .text.__sseek  0x08010c0a       0x24 C:/ST/STM32CubeIDE_1.17.0/STM32CubeIDE/plugins/com.st.stm32cube.ide.mcu.externaltools.gnu-tools-for-stm32.12.3.rel1.win32_1.1.0.202410251130/tools/bin/../lib/gcc/arm-none-eabi/12.3.1/../../../../arm-none-eabi/lib/thumb/v7e-m+fp/hard\libc_nano.a(libc_a-stdio.o)
                0x08010c0a                __sseek
 .text.__sclose
                0x08010c2e        0x8 C:/ST/STM32CubeIDE_1.17.0/STM32CubeIDE/plugins/com.st.stm32cube.ide.mcu.externaltools.gnu-tools-for-stm32.12.3.rel1.win32_1.1.0.202410251130/tools/bin/../lib/gcc/arm-none-eabi/12.3.1/../../../../arm-none-eabi/lib/thumb/v7e-m+fp/hard\libc_nano.a(libc_a-stdio.o)
                0x08010c2e                __sclose
 .text._vsnprintf_r
                0x08010c36       0x56 C:/ST/STM32CubeIDE_1.17.0/STM32CubeIDE/plugins/com.st.stm32cube.ide.mcu.externaltools.gnu-tools-for-stm32.12.3.rel1.win32_1.1.0.202410251130/tools/bin/../lib/gcc/arm-none-eabi/12.3.1/../../../../arm-none-eabi/lib/thumb/v7e-m+fp/hard\libc_nano.a(libc_a-vsnprintf.o)
                0x08010c36                _vsniprintf_r
                0x08010c36                _vsnprintf_r
 .text.vsnprintf
                0x08010c8c       0x1c C:/ST/STM32CubeIDE_1.17.0/STM32CubeIDE/plugins/com.st.stm32cube.ide.mcu.externaltools.gnu-tools-for-stm32.12.3.rel1.win32_1.1.0.202410251130/tools/bin/../lib/gcc/arm-none-eabi/12.3.1/../../../../arm-none-eabi/lib/thumb/v7e-m+fp/hard\libc_nano.a(libc_a-vsnprintf.o)
                0x08010c8c                vsniprintf
                0x08010c8c                vsnprintf
 .text.__swbuf_r
                0x08010ca8       0x7c C:/ST/STM32CubeIDE_1.17.0/STM32CubeIDE/plugins/com.st.stm32cube.ide.mcu.externaltools.gnu-tools-for-stm32.12.3.rel1.win32_1.1.0.202410251130/tools/bin/../lib/gcc/arm-none-eabi/12.3.1/../../../../arm-none-eabi/lib/thumb/v7e-m+fp/hard\libc_nano.a(libc_a-wbuf.o)
                0x08010ca8                __swbuf_r
 .text.__swsetup_r
                0x08010d24       0xac C:/ST/STM32CubeIDE_1.17.0/STM32CubeIDE/plugins/com.st.stm32cube.ide.mcu.externaltools.gnu-tools-for-stm32.12.3.rel1.win32_1.1.0.202410251130/tools/bin/../lib/gcc/arm-none-eabi/12.3.1/../../../../arm-none-eabi/lib/thumb/v7e-m+fp/hard\libc_nano.a(libc_a-wsetup.o)
                0x08010d24                __swsetup_r
 .text.memset   0x08010dd0       0x10 C:/ST/STM32CubeIDE_1.17.0/STM32CubeIDE/plugins/com.st.stm32cube.ide.mcu.externaltools.gnu-tools-for-stm32.12.3.rel1.win32_1.1.0.202410251130/tools/bin/../lib/gcc/arm-none-eabi/12.3.1/../../../../arm-none-eabi/lib/thumb/v7e-m+fp/hard\libc_nano.a(libc_a-memset.o)
                0x08010dd0                memset
 .text._close_r
                0x08010de0       0x20 C:/ST/STM32CubeIDE_1.17.0/STM32CubeIDE/plugins/com.st.stm32cube.ide.mcu.externaltools.gnu-tools-for-stm32.12.3.rel1.win32_1.1.0.202410251130/tools/bin/../lib/gcc/arm-none-eabi/12.3.1/../../../../arm-none-eabi/lib/thumb/v7e-m+fp/hard\libc_nano.a(libc_a-closer.o)
                0x08010de0                _close_r
 .text._lseek_r
                0x08010e00       0x24 C:/ST/STM32CubeIDE_1.17.0/STM32CubeIDE/plugins/com.st.stm32cube.ide.mcu.externaltools.gnu-tools-for-stm32.12.3.rel1.win32_1.1.0.202410251130/tools/bin/../lib/gcc/arm-none-eabi/12.3.1/../../../../arm-none-eabi/lib/thumb/v7e-m+fp/hard\libc_nano.a(libc_a-lseekr.o)
                0x08010e00                _lseek_r
 .text._read_r  0x08010e24       0x24 C:/ST/STM32CubeIDE_1.17.0/STM32CubeIDE/plugins/com.st.stm32cube.ide.mcu.externaltools.gnu-tools-for-stm32.12.3.rel1.win32_1.1.0.202410251130/tools/bin/../lib/gcc/arm-none-eabi/12.3.1/../../../../arm-none-eabi/lib/thumb/v7e-m+fp/hard\libc_nano.a(libc_a-readr.o)
                0x08010e24                _read_r
 .text._write_r
                0x08010e48       0x24 C:/ST/STM32CubeIDE_1.17.0/STM32CubeIDE/plugins/com.st.stm32cube.ide.mcu.externaltools.gnu-tools-for-stm32.12.3.rel1.win32_1.1.0.202410251130/tools/bin/../lib/gcc/arm-none-eabi/12.3.1/../../../../arm-none-eabi/lib/thumb/v7e-m+fp/hard\libc_nano.a(libc_a-writer.o)
                0x08010e48                _write_r
 .text.__errno  0x08010e6c        0xc C:/ST/STM32CubeIDE_1.17.0/STM32CubeIDE/plugins/com.st.stm32cube.ide.mcu.externaltools.gnu-tools-for-stm32.12.3.rel1.win32_1.1.0.202410251130/tools/bin/../lib/gcc/arm-none-eabi/12.3.1/../../../../arm-none-eabi/lib/thumb/v7e-m+fp/hard\libc_nano.a(libc_a-errno.o)
                0x08010e6c                __errno
 .text.__libc_init_array
                0x08010e78       0x48 C:/ST/STM32CubeIDE_1.17.0/STM32CubeIDE/plugins/com.st.stm32cube.ide.mcu.externaltools.gnu-tools-for-stm32.12.3.rel1.win32_1.1.0.202410251130/tools/bin/../lib/gcc/arm-none-eabi/12.3.1/../../../../arm-none-eabi/lib/thumb/v7e-m+fp/hard\libc_nano.a(libc_a-init.o)
                0x08010e78                __libc_init_array
 .text.__retarget_lock_init_recursive
                0x08010ec0        0x2 C:/ST/STM32CubeIDE_1.17.0/STM32CubeIDE/plugins/com.st.stm32cube.ide.mcu.externaltools.gnu-tools-for-stm32.12.3.rel1.win32_1.1.0.202410251130/tools/bin/../lib/gcc/arm-none-eabi/12.3.1/../../../../arm-none-eabi/lib/thumb/v7e-m+fp/hard\libc_nano.a(libc_a-lock.o)
                0x08010ec0                __retarget_lock_init_recursive
 .text.__retarget_lock_acquire_recursive
                0x08010ec2        0x2 C:/ST/STM32CubeIDE_1.17.0/STM32CubeIDE/plugins/com.st.stm32cube.ide.mcu.externaltools.gnu-tools-for-stm32.12.3.rel1.win32_1.1.0.202410251130/tools/bin/../lib/gcc/arm-none-eabi/12.3.1/../../../../arm-none-eabi/lib/thumb/v7e-m+fp/hard\libc_nano.a(libc_a-lock.o)
                0x08010ec2                __retarget_lock_acquire_recursive
 .text.__retarget_lock_release_recursive
                0x08010ec4        0x2 C:/ST/STM32CubeIDE_1.17.0/STM32CubeIDE/plugins/com.st.stm32cube.ide.mcu.externaltools.gnu-tools-for-stm32.12.3.rel1.win32_1.1.0.202410251130/tools/bin/../lib/gcc/arm-none-eabi/12.3.1/../../../../arm-none-eabi/lib/thumb/v7e-m+fp/hard\libc_nano.a(libc_a-lock.o)
                0x08010ec4                __retarget_lock_release_recursive
 .text.memcpy   0x08010ec6       0x1c C:/ST/STM32CubeIDE_1.17.0/STM32CubeIDE/plugins/com.st.stm32cube.ide.mcu.externaltools.gnu-tools-for-stm32.12.3.rel1.win32_1.1.0.202410251130/tools/bin/../lib/gcc/arm-none-eabi/12.3.1/../../../../arm-none-eabi/lib/thumb/v7e-m+fp/hard\libc_nano.a(libc_a-memcpy-stub.o)
                0x08010ec6                memcpy
 *fill*         0x08010ee2        0x2 
 .text._free_r  0x08010ee4       0x94 C:/ST/STM32CubeIDE_1.17.0/STM32CubeIDE/plugins/com.st.stm32cube.ide.mcu.externaltools.gnu-tools-for-stm32.12.3.rel1.win32_1.1.0.202410251130/tools/bin/../lib/gcc/arm-none-eabi/12.3.1/../../../../arm-none-eabi/lib/thumb/v7e-m+fp/hard\libc_nano.a(libc_a-freer.o)
                0x08010ee4                _free_r
 .text.sbrk_aligned
                0x08010f78       0x44 C:/ST/STM32CubeIDE_1.17.0/STM32CubeIDE/plugins/com.st.stm32cube.ide.mcu.externaltools.gnu-tools-for-stm32.12.3.rel1.win32_1.1.0.202410251130/tools/bin/../lib/gcc/arm-none-eabi/12.3.1/../../../../arm-none-eabi/lib/thumb/v7e-m+fp/hard\libc_nano.a(libc_a-mallocr.o)
 .text._malloc_r
                0x08010fbc      0x100 C:/ST/STM32CubeIDE_1.17.0/STM32CubeIDE/plugins/com.st.stm32cube.ide.mcu.externaltools.gnu-tools-for-stm32.12.3.rel1.win32_1.1.0.202410251130/tools/bin/../lib/gcc/arm-none-eabi/12.3.1/../../../../arm-none-eabi/lib/thumb/v7e-m+fp/hard\libc_nano.a(libc_a-mallocr.o)
                0x08010fbc                _malloc_r
 .text.__malloc_lock
                0x080110bc        0xc C:/ST/STM32CubeIDE_1.17.0/STM32CubeIDE/plugins/com.st.stm32cube.ide.mcu.externaltools.gnu-tools-for-stm32.12.3.rel1.win32_1.1.0.202410251130/tools/bin/../lib/gcc/arm-none-eabi/12.3.1/../../../../arm-none-eabi/lib/thumb/v7e-m+fp/hard\libc_nano.a(libc_a-mlock.o)
                0x080110bc                __malloc_lock
 .text.__malloc_unlock
                0x080110c8        0xc C:/ST/STM32CubeIDE_1.17.0/STM32CubeIDE/plugins/com.st.stm32cube.ide.mcu.externaltools.gnu-tools-for-stm32.12.3.rel1.win32_1.1.0.202410251130/tools/bin/../lib/gcc/arm-none-eabi/12.3.1/../../../../arm-none-eabi/lib/thumb/v7e-m+fp/hard\libc_nano.a(libc_a-mlock.o)
                0x080110c8                __malloc_unlock
 .text.__ssputs_r
                0x080110d4       0xb6 C:/ST/STM32CubeIDE_1.17.0/STM32CubeIDE/plugins/com.st.stm32cube.ide.mcu.externaltools.gnu-tools-for-stm32.12.3.rel1.win32_1.1.0.202410251130/tools/bin/../lib/gcc/arm-none-eabi/12.3.1/../../../../arm-none-eabi/lib/thumb/v7e-m+fp/hard\libc_nano.a(libc_a-nano-svfprintf.o)
                0x080110d4                __ssputs_r
 *fill*         0x0801118a        0x2 
 .text._svfprintf_r
                0x0801118c      0x1f8 C:/ST/STM32CubeIDE_1.17.0/STM32CubeIDE/plugins/com.st.stm32cube.ide.mcu.externaltools.gnu-tools-for-stm32.12.3.rel1.win32_1.1.0.202410251130/tools/bin/../lib/gcc/arm-none-eabi/12.3.1/../../../../arm-none-eabi/lib/thumb/v7e-m+fp/hard\libc_nano.a(libc_a-nano-svfprintf.o)
                0x0801118c                _svfiprintf_r
                0x0801118c                _svfprintf_r
 .text._printf_common
                0x08011384       0xda C:/ST/STM32CubeIDE_1.17.0/STM32CubeIDE/plugins/com.st.stm32cube.ide.mcu.externaltools.gnu-tools-for-stm32.12.3.rel1.win32_1.1.0.202410251130/tools/bin/../lib/gcc/arm-none-eabi/12.3.1/../../../../arm-none-eabi/lib/thumb/v7e-m+fp/hard\libc_nano.a(libc_a-nano-vfprintf_i.o)
                0x08011384                _printf_common
 *fill*         0x0801145e        0x2 
 .text._printf_i
                0x08011460      0x240 C:/ST/STM32CubeIDE_1.17.0/STM32CubeIDE/plugins/com.st.stm32cube.ide.mcu.externaltools.gnu-tools-for-stm32.12.3.rel1.win32_1.1.0.202410251130/tools/bin/../lib/gcc/arm-none-eabi/12.3.1/../../../../arm-none-eabi/lib/thumb/v7e-m+fp/hard\libc_nano.a(libc_a-nano-vfprintf_i.o)
                0x08011460                _printf_i
 .text.__sflush_r
                0x080116a0      0x108 C:/ST/STM32CubeIDE_1.17.0/STM32CubeIDE/plugins/com.st.stm32cube.ide.mcu.externaltools.gnu-tools-for-stm32.12.3.rel1.win32_1.1.0.202410251130/tools/bin/../lib/gcc/arm-none-eabi/12.3.1/../../../../arm-none-eabi/lib/thumb/v7e-m+fp/hard\libc_nano.a(libc_a-fflush.o)
                0x080116a0                __sflush_r
 .text._fflush_r
                0x080117a8       0x50 C:/ST/STM32CubeIDE_1.17.0/STM32CubeIDE/plugins/com.st.stm32cube.ide.mcu.externaltools.gnu-tools-for-stm32.12.3.rel1.win32_1.1.0.202410251130/tools/bin/../lib/gcc/arm-none-eabi/12.3.1/../../../../arm-none-eabi/lib/thumb/v7e-m+fp/hard\libc_nano.a(libc_a-fflush.o)
                0x080117a8                _fflush_r
 .text.__swhatbuf_r
                0x080117f8       0x4c C:/ST/STM32CubeIDE_1.17.0/STM32CubeIDE/plugins/com.st.stm32cube.ide.mcu.externaltools.gnu-tools-for-stm32.12.3.rel1.win32_1.1.0.202410251130/tools/bin/../lib/gcc/arm-none-eabi/12.3.1/../../../../arm-none-eabi/lib/thumb/v7e-m+fp/hard\libc_nano.a(libc_a-makebuf.o)
                0x080117f8                __swhatbuf_r
 .text.__smakebuf_r
                0x08011844       0x78 C:/ST/STM32CubeIDE_1.17.0/STM32CubeIDE/plugins/com.st.stm32cube.ide.mcu.externaltools.gnu-tools-for-stm32.12.3.rel1.win32_1.1.0.202410251130/tools/bin/../lib/gcc/arm-none-eabi/12.3.1/../../../../arm-none-eabi/lib/thumb/v7e-m+fp/hard\libc_nano.a(libc_a-makebuf.o)
                0x08011844                __smakebuf_r
 .text.memmove  0x080118bc       0x34 C:/ST/STM32CubeIDE_1.17.0/STM32CubeIDE/plugins/com.st.stm32cube.ide.mcu.externaltools.gnu-tools-for-stm32.12.3.rel1.win32_1.1.0.202410251130/tools/bin/../lib/gcc/arm-none-eabi/12.3.1/../../../../arm-none-eabi/lib/thumb/v7e-m+fp/hard\libc_nano.a(libc_a-memmove.o)
                0x080118bc                memmove
 .text._fstat_r
                0x080118f0       0x24 C:/ST/STM32CubeIDE_1.17.0/STM32CubeIDE/plugins/com.st.stm32cube.ide.mcu.externaltools.gnu-tools-for-stm32.12.3.rel1.win32_1.1.0.202410251130/tools/bin/../lib/gcc/arm-none-eabi/12.3.1/../../../../arm-none-eabi/lib/thumb/v7e-m+fp/hard\libc_nano.a(libc_a-fstatr.o)
                0x080118f0                _fstat_r
 .text._isatty_r
                0x08011914       0x20 C:/ST/STM32CubeIDE_1.17.0/STM32CubeIDE/plugins/com.st.stm32cube.ide.mcu.externaltools.gnu-tools-for-stm32.12.3.rel1.win32_1.1.0.202410251130/tools/bin/../lib/gcc/arm-none-eabi/12.3.1/../../../../arm-none-eabi/lib/thumb/v7e-m+fp/hard\libc_nano.a(libc_a-isattyr.o)
                0x08011914                _isatty_r
 .text._sbrk_r  0x08011934       0x20 C:/ST/STM32CubeIDE_1.17.0/STM32CubeIDE/plugins/com.st.stm32cube.ide.mcu.externaltools.gnu-tools-for-stm32.12.3.rel1.win32_1.1.0.202410251130/tools/bin/../lib/gcc/arm-none-eabi/12.3.1/../../../../arm-none-eabi/lib/thumb/v7e-m+fp/hard\libc_nano.a(libc_a-sbrkr.o)
                0x08011934                _sbrk_r
 .text._realloc_r
                0x08011954       0x5c C:/ST/STM32CubeIDE_1.17.0/STM32CubeIDE/plugins/com.st.stm32cube.ide.mcu.externaltools.gnu-tools-for-stm32.12.3.rel1.win32_1.1.0.202410251130/tools/bin/../lib/gcc/arm-none-eabi/12.3.1/../../../../arm-none-eabi/lib/thumb/v7e-m+fp/hard\libc_nano.a(libc_a-reallocr.o)
                0x08011954                _realloc_r
 .text._malloc_usable_size_r
                0x080119b0       0x10 C:/ST/STM32CubeIDE_1.17.0/STM32CubeIDE/plugins/com.st.stm32cube.ide.mcu.externaltools.gnu-tools-for-stm32.12.3.rel1.win32_1.1.0.202410251130/tools/bin/../lib/gcc/arm-none-eabi/12.3.1/../../../../arm-none-eabi/lib/thumb/v7e-m+fp/hard\libc_nano.a(libc_a-msizer.o)
                0x080119b0                _malloc_usable_size_r
 .text.atan2f   0x080119c0        0x4 C:/ST/STM32CubeIDE_1.17.0/STM32CubeIDE/plugins/com.st.stm32cube.ide.mcu.externaltools.gnu-tools-for-stm32.12.3.rel1.win32_1.1.0.202410251130/tools/bin/../lib/gcc/arm-none-eabi/12.3.1/../../../../arm-none-eabi/lib/thumb/v7e-m+fp/hard\libm.a(libm_a-wf_atan2.o)
                0x080119c0                atan2f
 .text.sqrtf    0x080119c4       0x3c C:/ST/STM32CubeIDE_1.17.0/STM32CubeIDE/plugins/com.st.stm32cube.ide.mcu.externaltools.gnu-tools-for-stm32.12.3.rel1.win32_1.1.0.202410251130/tools/bin/../lib/gcc/arm-none-eabi/12.3.1/../../../../arm-none-eabi/lib/thumb/v7e-m+fp/hard\libm.a(libm_a-wf_sqrt.o)
                0x080119c4                sqrtf
 .text.cosf     0x08011a00       0x88 C:/ST/STM32CubeIDE_1.17.0/STM32CubeIDE/plugins/com.st.stm32cube.ide.mcu.externaltools.gnu-tools-for-stm32.12.3.rel1.win32_1.1.0.202410251130/tools/bin/../lib/gcc/arm-none-eabi/12.3.1/../../../../arm-none-eabi/lib/thumb/v7e-m+fp/hard\libm.a(libm_a-sf_cos.o)
                0x08011a00                cosf
 .text.sinf     0x08011a88       0x8c C:/ST/STM32CubeIDE_1.17.0/STM32CubeIDE/plugins/com.st.stm32cube.ide.mcu.externaltools.gnu-tools-for-stm32.12.3.rel1.win32_1.1.0.202410251130/tools/bin/../lib/gcc/arm-none-eabi/12.3.1/../../../../arm-none-eabi/lib/thumb/v7e-m+fp/hard\libm.a(libm_a-sf_sin.o)
                0x08011a88                sinf
 .text.__ieee754_sqrtf
                0x08011b14        0x6 C:/ST/STM32CubeIDE_1.17.0/STM32CubeIDE/plugins/com.st.stm32cube.ide.mcu.externaltools.gnu-tools-for-stm32.12.3.rel1.win32_1.1.0.202410251130/tools/bin/../lib/gcc/arm-none-eabi/12.3.1/../../../../arm-none-eabi/lib/thumb/v7e-m+fp/hard\libm.a(libm_a-ef_sqrt.o)
                0x08011b14                __ieee754_sqrtf
 *fill*         0x08011b1a        0x2 
 .text.__kernel_cosf
                0x08011b1c       0xb0 C:/ST/STM32CubeIDE_1.17.0/STM32CubeIDE/plugins/com.st.stm32cube.ide.mcu.externaltools.gnu-tools-for-stm32.12.3.rel1.win32_1.1.0.202410251130/tools/bin/../lib/gcc/arm-none-eabi/12.3.1/../../../../arm-none-eabi/lib/thumb/v7e-m+fp/hard\libm.a(libm_a-kf_cos.o)
                0x08011b1c                __kernel_cosf
 .text.__kernel_sinf
                0x08011bcc       0x90 C:/ST/STM32CubeIDE_1.17.0/STM32CubeIDE/plugins/com.st.stm32cube.ide.mcu.externaltools.gnu-tools-for-stm32.12.3.rel1.win32_1.1.0.202410251130/tools/bin/../lib/gcc/arm-none-eabi/12.3.1/../../../../arm-none-eabi/lib/thumb/v7e-m+fp/hard\libm.a(libm_a-kf_sin.o)
                0x08011bcc                __kernel_sinf
 .text.__ieee754_atan2f
                0x08011c5c      0x140 C:/ST/STM32CubeIDE_1.17.0/STM32CubeIDE/plugins/com.st.stm32cube.ide.mcu.externaltools.gnu-tools-for-stm32.12.3.rel1.win32_1.1.0.202410251130/tools/bin/../lib/gcc/arm-none-eabi/12.3.1/../../../../arm-none-eabi/lib/thumb/v7e-m+fp/hard\libm.a(libm_a-ef_atan2.o)
                0x08011c5c                __ieee754_atan2f
 .text.__ieee754_rem_pio2f
                0x08011d9c      0x260 C:/ST/STM32CubeIDE_1.17.0/STM32CubeIDE/plugins/com.st.stm32cube.ide.mcu.externaltools.gnu-tools-for-stm32.12.3.rel1.win32_1.1.0.202410251130/tools/bin/../lib/gcc/arm-none-eabi/12.3.1/../../../../arm-none-eabi/lib/thumb/v7e-m+fp/hard\libm.a(libm_a-ef_rem_pio2.o)
                0x08011d9c                __ieee754_rem_pio2f
 .text.atanf    0x08011ffc      0x1a8 C:/ST/STM32CubeIDE_1.17.0/STM32CubeIDE/plugins/com.st.stm32cube.ide.mcu.externaltools.gnu-tools-for-stm32.12.3.rel1.win32_1.1.0.202410251130/tools/bin/../lib/gcc/arm-none-eabi/12.3.1/../../../../arm-none-eabi/lib/thumb/v7e-m+fp/hard\libm.a(libm_a-sf_atan.o)
                0x08011ffc                atanf
 .text.fabsf    0x080121a4        0xe C:/ST/STM32CubeIDE_1.17.0/STM32CubeIDE/plugins/com.st.stm32cube.ide.mcu.externaltools.gnu-tools-for-stm32.12.3.rel1.win32_1.1.0.202410251130/tools/bin/../lib/gcc/arm-none-eabi/12.3.1/../../../../arm-none-eabi/lib/thumb/v7e-m+fp/hard\libm.a(libm_a-sf_fabs.o)
                0x080121a4                fabsf
 *fill*         0x080121b2        0x2 
 .text.__kernel_rem_pio2f
                0x080121b4      0x4e4 C:/ST/STM32CubeIDE_1.17.0/STM32CubeIDE/plugins/com.st.stm32cube.ide.mcu.externaltools.gnu-tools-for-stm32.12.3.rel1.win32_1.1.0.202410251130/tools/bin/../lib/gcc/arm-none-eabi/12.3.1/../../../../arm-none-eabi/lib/thumb/v7e-m+fp/hard\libm.a(libm_a-kf_rem_pio2.o)
                0x080121b4                __kernel_rem_pio2f
 .text.scalbnf  0x08012698       0xcc C:/ST/STM32CubeIDE_1.17.0/STM32CubeIDE/plugins/com.st.stm32cube.ide.mcu.externaltools.gnu-tools-for-stm32.12.3.rel1.win32_1.1.0.202410251130/tools/bin/../lib/gcc/arm-none-eabi/12.3.1/../../../../arm-none-eabi/lib/thumb/v7e-m+fp/hard\libm.a(libm_a-sf_scalbn.o)
                0x08012698                scalbnf