../Core/Src/lidar.c:25:13:set_lidar_rx_irq_state	16	static
../Core/Src/lidar.c:36:13:clear_lidar_uart_flags	32	static
../Core/Src/lidar.c:45:10:LIDAR_GetDmaBlockLag	16	static
../Core/Src/lidar.c:54:9:LIDAR_IsDmaBlockStale	16	static
../Core/Src/lidar.c:59:16:parse_packet_into_scan	24	static
../Core/Src/lidar.c:92:13:report_lidar_status	96	static
../Core/Src/lidar.c:107:13:queue_dma_half_from_isr	16	static
../Core/Src/lidar.c:116:26:start_lidar_dma_rx	8	static
../Core/Src/lidar.c:132:6:LIDAR_ResetScanState	8	static
../Core/Src/lidar.c:139:6:LIDAR_ResetParserState	8	static
../Core/Src/lidar.c:147:6:RPLIDAR_Init	8	static
../Core/Src/lidar.c:153:6:RPLIDAR_RequestScan	16	static
../Core/Src/lidar.c:163:6:RPLIDAR_StartRaw	16	static
../Core/Src/lidar.c:181:6:RPLIDAR_StopRaw	8	static
../Core/Src/lidar.c:191:6:Lidar_StopScan	16	static
../Core/Src/lidar.c:197:20:LIDAR_ConsumeByte	24	static
../Core/Src/lidar.c:231:6:LIDAR_ConsumePendingPacket	16	static
../Core/Src/lidar.c:241:16:LIDAR_GetDmaRxBuffer	4	static
../Core/Src/lidar.c:246:19:send_binary_packaged_data_from_buffer	56	static
../Core/Src/lidar.c:300:6:HAL_UART_TxCpltCallback	16	static
../Core/Src/lidar.c:307:6:HAL_UART_RxHalfCpltCallback	16	static
../Core/Src/lidar.c:314:6:HAL_UART_RxCpltCallback	16	static
../Core/Src/lidar.c:321:6:HAL_UART_ErrorCallback	16	static
