../Core/Src/localization_task.c:73:14:localization_wrap_angle_deg	16	static
../Core/Src/localization_task.c:86:14:localization_clamp_float	24	static
../Core/Src/localization_task.c:99:13:localization_lock	8	static
../Core/Src/localization_task.c:106:13:localization_unlock	8	static
../Core/Src/localization_task.c:113:13:localization_transform_point	32	static
../Core/Src/localization_task.c:124:13:localization_apply_transform	56	static
../Core/Src/localization_task.c:142:13:localization_apply_pose_delta	56	static
../Core/Src/localization_task.c:158:13:localization_rotate_vector	48	static
../Core/Src/localization_task.c:177:13:localization_apply_control_correction	40	static
../Core/Src/localization_task.c:218:16:localization_control_fusion_enabled	4	static
../Core/Src/localization_task.c:240:16:localization_recovery_match_is_trusted	16	static
../Core/Src/localization_task.c:271:17:localization_build_world_points	56	static
../Core/Src/localization_task.c:334:17:localization_find_correspondences	56	static
../Core/Src/localization_task.c:378:16:localization_compute_delta	80	static
../Core/Src/localization_task.c:429:13:localization_run_icp	592	static
../Core/Src/localization_task.c:519:13:localization_store_reference	24	static
../Core/Src/localization_task.c:537:13:localization_update_mapping_gate	56	static
../Core/Src/localization_task.c:619:6:LocalizationTask_UpdatePredictedPose	48	static
../Core/Src/localization_task.c:677:6:LocalizationTask_GetEstimatedPoseSnapshot	24	static
../Core/Src/localization_task.c:692:6:LocalizationTask_GetControlPoseSnapshot	24	static
../Core/Src/localization_task.c:707:13:localization_update_stats	24	static
../Core/Src/localization_task.c:740:6:StartLocalizationTask	128	static
../Core/Src/localization_task.c:816:6:LocalizationTask_Reset	8	static
../Core/Src/localization_task.c:834:6:LocalizationTask_GetStatsSnapshot	16	static
