../Core/Src/motor.c:20:6:Motor_Init	8	static
../Core/Src/motor.c:38:6:Motor_SetSpeed	16	static
../Core/Src/motor.c:62:6:Motor_SetDirection	16	static
../Core/Src/motor.c:105:6:Motor_Control	16	static
../Core/Src/motor.c:158:6:Motor_Stop	16	static
../Core/Src/motor.c:168:6:Motor_StopAll	8	static
../Core/Src/motor.c:179:6:Car_Forward	16	static
../Core/Src/motor.c:190:6:Car_Backward	16	static
../Core/Src/motor.c:203:6:Car_TurnLeft	16	static
../Core/Src/motor.c:214:6:Car_TurnRight	16	static
../Core/Src/motor.c:228:6:Car_Stop	8	static
../Core/Src/motor.c:232:6:Car_test	16	static
