../Core/Src/occupancy_grid.c:6:17:occupancy_grid_linear_index	24	static
../Core/Src/occupancy_grid.c:11:15:clamp_log_odds	16	static
../Core/Src/occupancy_grid.c:24:9:OccupancyGrid_Init	32	static
../Core/Src/occupancy_grid.c:51:6:OccupancyGrid_Reset	24	static
../Core/Src/occupancy_grid.c:63:9:OccupancyGrid_IsInside	24	static
../Core/Src/occupancy_grid.c:80:9:OccupancyGrid_WorldToCell	32	static
../Core/Src/occupancy_grid.c:101:9:OccupancyGrid_UpdateCell	32	static
../Core/Src/occupancy_grid.c:116:9:OccupancyGrid_GetCell	24	static
../Core/Src/occupancy_grid.c:126:6:OccupancyGrid_MarkFree	24	static
../Core/Src/occupancy_grid.c:131:6:OccupancyGrid_MarkOccupied	24	static
../Core/Src/occupancy_grid.c:136:6:OccupancyGrid_TraceRay	72	static
../Core/Src/occupancy_grid.c:191:9:OccupancyGrid_IsOccupied	32	static
../Core/Src/occupancy_grid.c:199:9:OccupancyGrid_IsFree	32	static
../Core/Src/occupancy_grid.c:206:9:OccupancyGrid_IsUnknown	32	static
../Core/Src/occupancy_grid.c:213:9:OccupancyGrid_IsFrontier	32	static
../Core/Src/occupancy_grid.c:228:6:OccupancyGrid_CellToWorld	24	static
