../Core/Src/pid.c:64:14:pid_normalize_angle_deg	16	static
../Core/Src/pid.c:77:13:pid_store_loop_debug	48	static
../Core/Src/pid.c:113:14:pid_calculate_from_error	56	static
../Core/Src/pid.c:156:14:pid_clamp_float	24	static
../Core/Src/pid.c:169:14:pid_apply_magnitude_limit	16	static
../Core/Src/pid.c:186:14:pid_terminal_speed_limit_from_distance	24	static
../Core/Src/pid.c:205:13:pid_set_drive_axis_from_heading_deg	24	static
../Core/Src/pid.c:213:13:pid_clear_position_limit_debug	4	static
../Core/Src/pid.c:223:13:pid_fill_control_snapshot	16	static
../Core/Src/pid.c:239:13:pid_capture_last_move_control_snapshot	16	static
../Core/Src/pid.c:244:13:pid_capture_last_turn_control_snapshot	8	static
../Core/Src/pid.c:250:13:pid_get_odometry_pose_snapshot	16	static
../Core/Src/pid.c:265:13:lock_control_and_pid	8	static
../Core/Src/pid.c:276:13:unlock_pid_and_control	8	static
../Core/Src/pid.c:287:13:lock_odom_control_and_pid	8	static
../Core/Src/pid.c:296:13:unlock_pid_control_and_odom	8	static
../Core/Src/pid.c:305:24:pid_select_controller	16	static
../Core/Src/pid.c:325:6:PID_Init	32	static
../Core/Src/pid.c:343:7:PID_Calculate	56	static
../Core/Src/pid.c:392:6:Speed_Control_Loop	40	static
../Core/Src/pid.c:448:6:Angle_Speed_Cascade_Control	56	static
../Core/Src/pid.c:510:6:Control_UpdateWheelSpeedTest	24	static
../Core/Src/pid.c:525:9:Control_GetPidTunings	32	static
../Core/Src/pid.c:548:9:Control_SetPidTunings	32	static
../Core/Src/pid.c:584:6:Control_SetManualCommand	16	static
../Core/Src/pid.c:605:6:Control_SetManualDrive	32	static
../Core/Src/pid.c:629:6:Control_SetRelativeTurn	32	static
../Core/Src/pid.c:654:6:Control_SetBaseSpeed	16	static
../Core/Src/pid.c:667:9:Control_SetWheelSpeedTest	16	static
../Core/Src/pid.c:711:6:Control_StopCommand	24	static
../Core/Src/pid.c:748:6:Start_Relative_Move	40	static
../Core/Src/pid.c:799:6:Update_Relative_Move_PID	80	static
../Core/Src/pid.c:948:9:Control_GetLastRelativeMoveTravelSnapshot	24	static
../Core/Src/pid.c:976:9:Control_GetLastRelativeMoveControlSnapshot	24	static
../Core/Src/pid.c:986:9:Control_GetLastTurnControlSnapshot	24	static
../Core/Src/pid.c:996:6:Control_GetPidDebugSnapshots	32	static
../Core/Src/pid.c:1018:6:Control_GetLimitDebugSnapshot	24	static
../Core/Src/pid.c:1027:6:Control_GetMotorDebugSnapshot	24	static
